Archive member included to satisfy reference by file (symbol)

c:/st/stm32cubeide_1.4.0/stm32cubeide/plugins/com.st.stm32cube.ide.mcu.externaltools.gnu-tools-for-stm32.9-2020-q2-update.win32_2.0.0.202105311346/tools/bin/../lib/gcc/arm-none-eabi/9.3.1/../../../../arm-none-eabi/lib/thumb/v7e-m+fp/hard\libc_nano.a(lib_a-errno.o)
                              ./Src/syscalls.o (__errno)
c:/st/stm32cubeide_1.4.0/stm32cubeide/plugins/com.st.stm32cube.ide.mcu.externaltools.gnu-tools-for-stm32.9-2020-q2-update.win32_2.0.0.202105311346/tools/bin/../lib/gcc/arm-none-eabi/9.3.1/../../../../arm-none-eabi/lib/thumb/v7e-m+fp/hard\libc_nano.a(lib_a-exit.o)
                              c:/st/stm32cubeide_1.4.0/stm32cubeide/plugins/com.st.stm32cube.ide.mcu.externaltools.gnu-tools-for-stm32.9-2020-q2-update.win32_2.0.0.202105311346/tools/bin/../lib/gcc/arm-none-eabi/9.3.1/../../../../arm-none-eabi/lib/thumb/v7e-m+fp/hard/crt0.o (exit)
c:/st/stm32cubeide_1.4.0/stm32cubeide/plugins/com.st.stm32cube.ide.mcu.externaltools.gnu-tools-for-stm32.9-2020-q2-update.win32_2.0.0.202105311346/tools/bin/../lib/gcc/arm-none-eabi/9.3.1/../../../../arm-none-eabi/lib/thumb/v7e-m+fp/hard\libc_nano.a(lib_a-impure.o)
                              c:/st/stm32cubeide_1.4.0/stm32cubeide/plugins/com.st.stm32cube.ide.mcu.externaltools.gnu-tools-for-stm32.9-2020-q2-update.win32_2.0.0.202105311346/tools/bin/../lib/gcc/arm-none-eabi/9.3.1/../../../../arm-none-eabi/lib/thumb/v7e-m+fp/hard\libc_nano.a(lib_a-exit.o) (_global_impure_ptr)
c:/st/stm32cubeide_1.4.0/stm32cubeide/plugins/com.st.stm32cube.ide.mcu.externaltools.gnu-tools-for-stm32.9-2020-q2-update.win32_2.0.0.202105311346/tools/bin/../lib/gcc/arm-none-eabi/9.3.1/../../../../arm-none-eabi/lib/thumb/v7e-m+fp/hard\libc_nano.a(lib_a-init.o)
                              c:/st/stm32cubeide_1.4.0/stm32cubeide/plugins/com.st.stm32cube.ide.mcu.externaltools.gnu-tools-for-stm32.9-2020-q2-update.win32_2.0.0.202105311346/tools/bin/../lib/gcc/arm-none-eabi/9.3.1/../../../../arm-none-eabi/lib/thumb/v7e-m+fp/hard/crt0.o (__libc_init_array)
c:/st/stm32cubeide_1.4.0/stm32cubeide/plugins/com.st.stm32cube.ide.mcu.externaltools.gnu-tools-for-stm32.9-2020-q2-update.win32_2.0.0.202105311346/tools/bin/../lib/gcc/arm-none-eabi/9.3.1/../../../../arm-none-eabi/lib/thumb/v7e-m+fp/hard\libc_nano.a(lib_a-memset.o)
                              c:/st/stm32cubeide_1.4.0/stm32cubeide/plugins/com.st.stm32cube.ide.mcu.externaltools.gnu-tools-for-stm32.9-2020-q2-update.win32_2.0.0.202105311346/tools/bin/../lib/gcc/arm-none-eabi/9.3.1/../../../../arm-none-eabi/lib/thumb/v7e-m+fp/hard/crt0.o (memset)
c:/st/stm32cubeide_1.4.0/stm32cubeide/plugins/com.st.stm32cube.ide.mcu.externaltools.gnu-tools-for-stm32.9-2020-q2-update.win32_2.0.0.202105311346/tools/bin/../lib/gcc/arm-none-eabi/9.3.1/../../../../arm-none-eabi/lib/thumb/v7e-m+fp/hard\libc_nano.a(lib_a-rand.o)
                              ./Src/test.o (srand)
c:/st/stm32cubeide_1.4.0/stm32cubeide/plugins/com.st.stm32cube.ide.mcu.externaltools.gnu-tools-for-stm32.9-2020-q2-update.win32_2.0.0.202105311346/tools/bin/../lib/gcc/arm-none-eabi/9.3.1/../../../../arm-none-eabi/lib/thumb/v7e-m+fp/hard\libc_nano.a(lib_a-assert.o)
                              c:/st/stm32cubeide_1.4.0/stm32cubeide/plugins/com.st.stm32cube.ide.mcu.externaltools.gnu-tools-for-stm32.9-2020-q2-update.win32_2.0.0.202105311346/tools/bin/../lib/gcc/arm-none-eabi/9.3.1/../../../../arm-none-eabi/lib/thumb/v7e-m+fp/hard\libc_nano.a(lib_a-rand.o) (__assert_func)
c:/st/stm32cubeide_1.4.0/stm32cubeide/plugins/com.st.stm32cube.ide.mcu.externaltools.gnu-tools-for-stm32.9-2020-q2-update.win32_2.0.0.202105311346/tools/bin/../lib/gcc/arm-none-eabi/9.3.1/../../../../arm-none-eabi/lib/thumb/v7e-m+fp/hard\libc_nano.a(lib_a-fprintf.o)
                              c:/st/stm32cubeide_1.4.0/stm32cubeide/plugins/com.st.stm32cube.ide.mcu.externaltools.gnu-tools-for-stm32.9-2020-q2-update.win32_2.0.0.202105311346/tools/bin/../lib/gcc/arm-none-eabi/9.3.1/../../../../arm-none-eabi/lib/thumb/v7e-m+fp/hard\libc_nano.a(lib_a-assert.o) (fiprintf)
c:/st/stm32cubeide_1.4.0/stm32cubeide/plugins/com.st.stm32cube.ide.mcu.externaltools.gnu-tools-for-stm32.9-2020-q2-update.win32_2.0.0.202105311346/tools/bin/../lib/gcc/arm-none-eabi/9.3.1/../../../../arm-none-eabi/lib/thumb/v7e-m+fp/hard\libc_nano.a(lib_a-malloc.o)
                              c:/st/stm32cubeide_1.4.0/stm32cubeide/plugins/com.st.stm32cube.ide.mcu.externaltools.gnu-tools-for-stm32.9-2020-q2-update.win32_2.0.0.202105311346/tools/bin/../lib/gcc/arm-none-eabi/9.3.1/../../../../arm-none-eabi/lib/thumb/v7e-m+fp/hard\libc_nano.a(lib_a-rand.o) (malloc)
c:/st/stm32cubeide_1.4.0/stm32cubeide/plugins/com.st.stm32cube.ide.mcu.externaltools.gnu-tools-for-stm32.9-2020-q2-update.win32_2.0.0.202105311346/tools/bin/../lib/gcc/arm-none-eabi/9.3.1/../../../../arm-none-eabi/lib/thumb/v7e-m+fp/hard\libc_nano.a(lib_a-nano-freer.o)
[...]
Memory Configuration

Name             Origin             Length             Attributes
RAM              0x0000000020000000 0x0000000000018000 xrw
FLASH            0x0000000008000000 0x0000000000080000 xr
*default*        0x0000000000000000 0xffffffffffffffff

Linker script and memory map

LOAD c:/st/stm32cubeide_1.4.0/stm32cubeide/plugins/com.st.stm32cube.ide.mcu.externaltools.gnu-tools-for-stm32.9-2020-q2-update.win32_2.0.0.202105311346/tools/bin/../lib/gcc/arm-none-eabi/9.3.1/thumb/v7e-m+fp/hard/crti.o
LOAD c:/st/stm32cubeide_1.4.0/stm32cubeide/plugins/com.st.stm32cube.ide.mcu.externaltools.gnu-tools-for-stm32.9-2020-q2-update.win32_2.0.0.202105311346/tools/bin/../lib/gcc/arm-none-eabi/9.3.1/thumb/v7e-m+fp/hard/crtbegin.o
LOAD c:/st/stm32cubeide_1.4.0/stm32cubeide/plugins/com.st.stm32cube.ide.mcu.externaltools.gnu-tools-for-stm32.9-2020-q2-update.win32_2.0.0.202105311346/tools/bin/../lib/gcc/arm-none-eabi/9.3.1/../../../../arm-none-eabi/lib/thumb/v7e-m+fp/hard/crt0.o
LOAD ./Src/Oled.o
LOAD ./Src/STMiCON.o
LOAD ./Src/USART.o
LOAD ./Src/delay.o
LOAD ./Src/gui.o
LOAD ./Src/main.o
LOAD ./Src/mono.o
LOAD ./Src/pajaro.o
LOAD ./Src/stm32f4xx_it.o
LOAD ./Src/syscalls.o
LOAD ./Src/sysmem.o
LOAD ./Src/system_stm32f4xx.o
LOAD ./Src/test.o
LOAD ./Startup/startup_stm32f401retx.o
START GROUP
LOAD c:/st/stm32cubeide_1.4.0/stm32cubeide/plugins/com.st.stm32cube.ide.mcu.externaltools.gnu-tools-for-stm32.9-2020-q2-update.win32_2.0.0.202105311346/tools/bin/../lib/gcc/arm-none-eabi/9.3.1/../../../../arm-none-eabi/lib/thumb/v7e-m+fp/hard\libc_nano.a
LOAD c:/st/stm32cubeide_1.4.0/stm32cubeide/plugins/com.st.stm32cube.ide.mcu.externaltools.gnu-tools-for-stm32.9-2020-q2-update.win32_2.0.0.202105311346/tools/bin/../lib/gcc/arm-none-eabi/9.3.1/../../../../arm-none-eabi/lib/thumb/v7e-m+fp/hard\libm.a
END GROUP
START GROUP
LOAD c:/st/stm32cubeide_1.4.0/stm32cubeide/plugins/com.st.stm32cube.ide.mcu.externaltools.gnu-tools-for-stm32.9-2020-q2-update.win32_2.0.0.202105311346/tools/bin/../lib/gcc/arm-none-eabi/9.3.1/thumb/v7e-m+fp/hard\libgcc.a
LOAD c:/st/stm32cubeide_1.4.0/stm32cubeide/plugins/com.st.stm32cube.ide.mcu.externaltools.gnu-tools-for-stm32.9-2020-q2-update.win32_2.0.0.202105311346/tools/bin/../lib/gcc/arm-none-eabi/9.3.1/../../../../arm-none-eabi/lib/thumb/v7e-m+fp/hard\libc_nano.a
END GROUP
START GROUP
LOAD c:/st/stm32cubeide_1.4.0/stm32cubeide/plugins/com.st.stm32cube.ide.mcu.externaltools.gnu-tools-for-stm32.9-2020-q2-update.win32_2.0.0.202105311346/tools/bin/../lib/gcc/arm-none-eabi/9.3.1/thumb/v7e-m+fp/hard\libgcc.a
LOAD c:/st/stm32cubeide_1.4.0/stm32cubeide/plugins/com.st.stm32cube.ide.mcu.externaltools.gnu-tools-for-stm32.9-2020-q2-update.win32_2.0.0.202105311346/tools/bin/../lib/gcc/arm-none-eabi/9.3.1/../../../../arm-none-eabi/lib/thumb/v7e-m+fp/hard\libc_nano.a
LOAD c:/st/stm32cubeide_1.4.0/stm32cubeide/plugins/com.st.stm32cube.ide.mcu.externaltools.gnu-tools-for-stm32.9-2020-q2-update.win32_2.0.0.202105311346/tools/bin/../lib/gcc/arm-none-eabi/9.3.1/../../../../arm-none-eabi/lib/thumb/v7e-m+fp/hard\libnosys.a
END GROUP
START GROUP
LOAD c:/st/stm32cubeide_1.4.0/stm32cubeide/plugins/com.st.stm32cube.ide.mcu.externaltools.gnu-tools-for-stm32.9-2020-q2-update.win32_2.0.0.202105311346/tools/bin/../lib/gcc/arm-none-eabi/9.3.1/thumb/v7e-m+fp/hard\libgcc.a
LOAD c:/st/stm32cubeide_1.4.0/stm32cubeide/plugins/com.st.stm32cube.ide.mcu.externaltools.gnu-tools-for-stm32.9-2020-q2-update.win32_2.0.0.202105311346/tools/bin/../lib/gcc/arm-none-eabi/9.3.1/../../../../arm-none-eabi/lib/thumb/v7e-m+fp/hard\libc_nano.a
LOAD c:/st/stm32cubeide_1.4.0/stm32cubeide/plugins/com.st.stm32cube.ide.mcu.externaltools.gnu-tools-for-stm32.9-2020-q2-update.win32_2.0.0.202105311346/tools/bin/../lib/gcc/arm-none-eabi/9.3.1/../../../../arm-none-eabi/lib/thumb/v7e-m+fp/hard\libnosys.a
END GROUP
LOAD c:/st/stm32cubeide_1.4.0/stm32cubeide/plugins/com.st.stm32cube.ide.mcu.externaltools.gnu-tools-for-stm32.9-2020-q2-update.win32_2.0.0.202105311346/tools/bin/../lib/gcc/arm-none-eabi/9.3.1/thumb/v7e-m+fp/hard/crtend.o
LOAD c:/st/stm32cubeide_1.4.0/stm32cubeide/plugins/com.st.stm32cube.ide.mcu.externaltools.gnu-tools-for-stm32.9-2020-q2-update.win32_2.0.0.202105311346/tools/bin/../lib/gcc/arm-none-eabi/9.3.1/thumb/v7e-m+fp/hard/crtn.o
                0x0000000020018000                _estack = (ORIGIN (RAM) + LENGTH (RAM))
                0x0000000000000200                _Min_Heap_Size = 0x200
                0x0000000000000400                _Min_Stack_Size = 0x400

.isr_vector     0x0000000008000000      0x194
                0x0000000008000000                . = ALIGN (0x4)
 *(.isr_vector)
 .isr_vector    0x0000000008000000      0x194 ./Startup/startup_stm32f401retx.o
                0x0000000008000000                g_pfnVectors
                0x0000000008000194                . = ALIGN (0x4)

.text           0x0000000008000198     0x1324
                0x0000000008000198                . = ALIGN (0x4)
 *(.text)
 .text          0x0000000008000198       0x40 c:/st/stm32cubeide_1.4.0/stm32cubeide/plugins/com.st.stm32cube.ide.mcu.externaltools.gnu-tools-for-stm32.9-2020-q2-update.win32_2.0.0.202105311346/tools/bin/../lib/gcc/arm-none-eabi/9.3.1/thumb/v7e-m+fp/hard/crtbegin.o
 .text          0x00000000080001d8      0x378 c:/st/stm32cubeide_1.4.0/stm32cubeide/plugins/com.st.stm32cube.ide.mcu.externaltools.gnu-tools-for-stm32.9-2020-q2-update.win32_2.0.0.202105311346/tools/bin/../lib/gcc/arm-none-eabi/9.3.1/thumb/v7e-m+fp/hard\libgcc.a(_arm_addsubdf3.o)
                0x00000000080001d8                __aeabi_drsub
                0x00000000080001e0                __aeabi_dsub
                0x00000000080001e0                __subdf3
                0x00000000080001e4                __aeabi_dadd
                0x00000000080001e4                __adddf3
                0x000000000800045c                __floatunsidf
                0x000000000800045c                __aeabi_ui2d
                0x000000000800047c                __floatsidf
                0x000000000800047c                __aeabi_i2d
                0x00000000080004a0                __aeabi_f2d
                0x00000000080004a0                __extendsfdf2
                0x00000000080004e4                __floatundidf
                0x00000000080004e4                __aeabi_ul2d
                0x00000000080004f4                __floatdidf
                0x00000000080004f4                __aeabi_l2d
 .text          0x0000000008000550      0x424 c:/st/stm32cubeide_1.4.0/stm32cubeide/plugins/com.st.stm32cube.ide.mcu.externaltools.gnu-tools-for-stm32.9-2020-q2-update.win32_2.0.0.202105311346/tools/bin/../lib/gcc/arm-none-eabi/9.3.1/thumb/v7e-m+fp/hard\libgcc.a(_arm_muldivdf3.o)
                0x0000000008000550                __aeabi_dmul
                0x0000000008000550                __muldf3
                0x00000000080007a4                __divdf3
                0x00000000080007a4                __aeabi_ddiv
 .text          0x0000000008000974       0x40 c:/st/stm32cubeide_1.4.0/stm32cubeide/plugins/com.st.stm32cube.ide.mcu.externaltools.gnu-tools-for-stm32.9-2020-q2-update.win32_2.0.0.202105311346/tools/bin/../lib/gcc/arm-none-eabi/9.3.1/thumb/v7e-m+fp/hard\libgcc.a(_arm_fixunsdfsi.o)
                0x0000000008000974                __aeabi_d2uiz
                0x0000000008000974                __fixunsdfsi
 *(.text*)
 .text.Write_IIC_Command
                0x00000000080009b4       0x2c ./Src/Oled.o
                0x00000000080009b4                Write_IIC_Command
 .text.Write_IIC_Data
                0x00000000080009e0       0x2c ./Src/Oled.o
                0x00000000080009e0                Write_IIC_Data
 .text.OLED_WR_Byte
                0x0000000008000a0c       0x2e ./Src/Oled.o
                0x0000000008000a0c                OLED_WR_Byte
 *fill*         0x0000000008000a3a        0x2 
 .text.OLED_Set_Pixel
                0x0000000008000a3c       0x98 ./Src/Oled.o
                0x0000000008000a3c                OLED_Set_Pixel
 .text.OLED_Display
                0x0000000008000ad4       0x6c ./Src/Oled.o
                0x0000000008000ad4                OLED_Display
 .text.OLED_Clear
                0x0000000008000b40       0x38 ./Src/Oled.o
                0x0000000008000b40                OLED_Clear
 .text.OLED_Init
                0x0000000008000b78       0xd6 ./Src/Oled.o
                0x0000000008000b78                OLED_Init
 *fill*         0x0000000008000c4e        0x2 
 .text.delay_ms
                0x0000000008000c50       0x64 ./Src/delay.o
                0x0000000008000c50                delay_ms
 .text.GUI_DrawBMP
                0x0000000008000cb4      0x110 ./Src/gui.o
                0x0000000008000cb4                GUI_DrawBMP
 .text.main     0x0000000008000dc4       0x88 ./Src/main.o
                0x0000000008000dc4                main
 .text.PLL_Config
                0x0000000008000e4c       0xcc ./Src/main.o
                0x0000000008000e4c                PLL_Config
 .text.HSE_Config
                0x0000000008000f18       0x40 ./Src/main.o
                0x0000000008000f18                HSE_Config
 .text.flash_cofig
                0x0000000008000f58       0x50 ./Src/main.o
                0x0000000008000f58                flash_cofig
 .text.I2C1_GPIOInit
                0x0000000008000fa8       0xb4 ./Src/main.o
                0x0000000008000fa8                I2C1_GPIOInit
 *fill*         0x000000000800105c        0x4 
 .text.I2C_Init
                0x0000000008001060      0x148 ./Src/main.o
                0x0000000008001060                I2C_Init
 .text.I2C_MasterSendData
                0x00000000080011a8       0xd6 ./Src/main.o
                0x00000000080011a8                I2C_MasterSendData
 .text.NMI_Handler
                0x000000000800127e        0x6 ./Src/stm32f4xx_it.o
                0x000000000800127e                NMI_Handler
 .text.HardFault_Handler
                0x0000000008001284        0x6 ./Src/stm32f4xx_it.o
                0x0000000008001284                HardFault_Handler
 .text.MemManage_Handler
                0x000000000800128a        0x6 ./Src/stm32f4xx_it.o
                0x000000000800128a                MemManage_Handler
 .text.BusFault_Handler
                0x0000000008001290        0x6 ./Src/stm32f4xx_it.o
                0x0000000008001290                BusFault_Handler
 .text.UsageFault_Handler
                0x0000000008001296        0x6 ./Src/stm32f4xx_it.o
                0x0000000008001296                UsageFault_Handler
 .text.SVC_Handler
                0x000000000800129c        0xe ./Src/stm32f4xx_it.o
                0x000000000800129c                SVC_Handler
 .text.DebugMon_Handler
                0x00000000080012aa        0xe ./Src/stm32f4xx_it.o
                0x00000000080012aa                DebugMon_Handler
 .text.PendSV_Handler
                0x00000000080012b8        0xe ./Src/stm32f4xx_it.o
                0x00000000080012b8                PendSV_Handler
 .text.SysTick_Handler
                0x00000000080012c6        0xe ./Src/stm32f4xx_it.o
                0x00000000080012c6                SysTick_Handler
 .text.SystemInit
                0x00000000080012d4       0x24 ./Src/system_stm32f4xx.o
                0x00000000080012d4                SystemInit
 .text.SystemCoreClockUpdate
                0x00000000080012f8      0x100 ./Src/system_stm32f4xx.o
                0x00000000080012f8                SystemCoreClockUpdate
 .text.Reset_Handler
                0x00000000080013f8       0x50 ./Startup/startup_stm32f401retx.o
                0x00000000080013f8                Reset_Handler
 .text.Default_Handler
                0x0000000008001448        0x2 ./Startup/startup_stm32f401retx.o
                0x0000000008001448                EXTI2_IRQHandler
                0x0000000008001448                SPI4_IRQHandler
                0x0000000008001448                TIM1_CC_IRQHandler
                0x0000000008001448                SDIO_IRQHandler
                0x0000000008001448                TAMP_STAMP_IRQHandler
                0x0000000008001448                EXTI3_IRQHandler
                0x0000000008001448                TIM1_UP_TIM10_IRQHandler
                0x0000000008001448                I2C3_ER_IRQHandler
                0x0000000008001448                EXTI18_OTG_FS_WKUP_IRQHandler
                0x0000000008001448                EXTI0_IRQHandler
                0x0000000008001448                I2C2_EV_IRQHandler
                0x0000000008001448                FPU_IRQHandler
                0x0000000008001448                SPI1_IRQHandler
                0x0000000008001448                TIM1_BRK_TIM9_IRQHandler
                0x0000000008001448                USART6_IRQHandler
                0x0000000008001448                TIM4_IRQHandler
                0x0000000008001448                I2C1_EV_IRQHandler
                0x0000000008001448                TIM3_IRQHandler
                0x0000000008001448                RCC_IRQHandler
                0x0000000008001448                Default_Handler
                0x0000000008001448                EXTI15_10_IRQHandler
                0x0000000008001448                ADC_IRQHandler
                0x0000000008001448                TIM5_IRQHandler
                0x0000000008001448                I2C3_EV_IRQHandler
                0x0000000008001448                EXTI9_5_IRQHandler
                0x0000000008001448                SPI2_IRQHandler
                0x0000000008001448                EXTI4_IRQHandler
                0x0000000008001448                EXTI22_RTC_WKUP_IRQHandler
                0x0000000008001448                TIM2_IRQHandler
                0x0000000008001448                EXTI16_PVD_IRQHandler
                0x0000000008001448                TIM1_TRG_COM_TIM11_IRQHandler
                0x0000000008001448                EXTI1_IRQHandler
                0x0000000008001448                EXTI17_RTC_Alarm_IRQHandler
                0x0000000008001448                USART2_IRQHandler
                0x0000000008001448                I2C2_ER_IRQHandler
                0x0000000008001448                FLASH_IRQHandler
                0x0000000008001448                USART1_IRQHandler
                0x0000000008001448                OTG_FS_IRQHandler
                0x0000000008001448                SPI3_IRQHandler
                0x0000000008001448                I2C1_ER_IRQHandler
 *fill*         0x000000000800144a        0x2 
 .text.__libc_init_array
                0x000000000800144c       0x48 c:/st/stm32cubeide_1.4.0/stm32cubeide/plugins/com.st.stm32cube.ide.mcu.externaltools.gnu-tools-for-stm32.9-2020-q2-update.win32_2.0.0.202105311346/tools/bin/../lib/gcc/arm-none-eabi/9.3.1/../../../../arm-none-eabi/lib/thumb/v7e-m+fp/hard\libc_nano.a(lib_a-init.o)
                0x000000000800144c                __libc_init_array
 .text.memset   0x0000000008001494       0x10 c:/st/stm32cubeide_1.4.0/stm32cubeide/plugins/com.st.stm32cube.ide.mcu.externaltools.gnu-tools-for-stm32.9-2020-q2-update.win32_2.0.0.202105311346/tools/bin/../lib/gcc/arm-none-eabi/9.3.1/../../../../arm-none-eabi/lib/thumb/v7e-m+fp/hard\libc_nano.a(lib_a-memset.o)
                0x0000000008001494                memset
 *(.glue_7)
 .glue_7        0x00000000080014a4        0x0 linker stubs
 *(.glue_7t)
 .glue_7t       0x00000000080014a4        0x0 linker stubs
 *(.eh_frame)
 .eh_frame      0x00000000080014a4        0x0 c:/st/stm32cubeide_1.4.0/stm32cubeide/plugins/com.st.stm32cube.ide.mcu.externaltools.gnu-tools-for-stm32.9-2020-q2-update.win32_2.0.0.202105311346/tools/bin/../lib/gcc/arm-none-eabi/9.3.1/thumb/v7e-m+fp/hard/crtbegin.o
 *(.init)
 .init          0x00000000080014a4        0x4 c:/st/stm32cubeide_1.4.0/stm32cubeide/plugins/com.st.stm32cube.ide.mcu.externaltools.gnu-tools-for-stm32.9-2020-q2-update.win32_2.0.0.202105311346/tools/bin/../lib/gcc/arm-none-eabi/9.3.1/thumb/v7e-m+fp/hard/crti.o
                0x00000000080014a4                _init
 .init          0x00000000080014a8        0x8 c:/st/stm32cubeide_1.4.0/stm32cubeide/plugins/com.st.stm32cube.ide.mcu.externaltools.gnu-tools-for-stm32.9-2020-q2-update.win32_2.0.0.202105311346/tools/bin/../lib/gcc/arm-none-eabi/9.3.1/thumb/v7e-m+fp/hard/crtn.o
 *(.fini)
 .fini          0x00000000080014b0        0x4 c:/st/stm32cubeide_1.4.0/stm32cubeide/plugins/com.st.stm32cube.ide.mcu.externaltools.gnu-tools-for-stm32.9-2020-q2-update.win32_2.0.0.202105311346/tools/bin/../lib/gcc/arm-none-eabi/9.3.1/thumb/v7e-m+fp/hard/crti.o
                0x00000000080014b0                _fini
 .fini          0x00000000080014b4        0x8 c:/st/stm32cubeide_1.4.0/stm32cubeide/plugins/com.st.stm32cube.ide.mcu.externaltools.gnu-tools-for-stm32.9-2020-q2-update.win32_2.0.0.202105311346/tools/bin/../lib/gcc/arm-none-eabi/9.3.1/thumb/v7e-m+fp/hard/crtn.o
                0x00000000080014bc                . = ALIGN (0x4)
                0x00000000080014bc                _etext = .

.vfp11_veneer   0x00000000080014bc        0x0
 .vfp11_veneer  0x00000000080014bc        0x0 linker stubs

.v4_bx          0x00000000080014bc        0x0
 .v4_bx         0x00000000080014bc        0x0 linker stubs

.iplt           0x00000000080014bc        0x0
 .iplt          0x00000000080014bc        0x0 c:/st/stm32cubeide_1.4.0/stm32cubeide/plugins/com.st.stm32cube.ide.mcu.externaltools.gnu-tools-for-stm32.9-2020-q2-update.win32_2.0.0.202105311346/tools/bin/../lib/gcc/arm-none-eabi/9.3.1/thumb/v7e-m+fp/hard/crtbegin.o

.rodata         0x00000000080014bc      0x41c
                0x00000000080014bc                . = ALIGN (0x4)
 *(.rodata)
 *(.rodata*)
 .rodata.image_data_pajaro
                0x00000000080014bc      0x400 ./Src/pajaro.o
 .rodata.pajaro
                0x00000000080018bc        0xc ./Src/pajaro.o
                0x00000000080018bc                pajaro
 .rodata.AHBPrescTable
                0x00000000080018c8       0x10 ./Src/system_stm32f4xx.o
                0x00000000080018c8                AHBPrescTable
                0x00000000080018d8                . = ALIGN (0x4)

.rel.dyn        0x00000000080018d8        0x0
 .rel.iplt      0x00000000080018d8        0x0 c:/st/stm32cubeide_1.4.0/stm32cubeide/plugins/com.st.stm32cube.ide.mcu.externaltools.gnu-tools-for-stm32.9-2020-q2-update.win32_2.0.0.202105311346/tools/bin/../lib/gcc/arm-none-eabi/9.3.1/thumb/v7e-m+fp/hard/crtbegin.o

.ARM.extab      0x00000000080018d8        0x0
                0x00000000080018d8                . = ALIGN (0x4)
 *(.ARM.extab* .gnu.linkonce.armextab.*)
                0x00000000080018d8                . = ALIGN (0x4)

.ARM            0x00000000080018d8        0x0
                0x00000000080018d8                . = ALIGN (0x4)
                0x00000000080018d8                __exidx_start = .
 *(.ARM.exidx*)
                0x00000000080018d8                __exidx_end = .
                0x00000000080018d8                . = ALIGN (0x4)

.preinit_array  0x00000000080018d8        0x0
                0x00000000080018d8                . = ALIGN (0x4)
                0x00000000080018d8                PROVIDE (__preinit_array_start = .)
 *(.preinit_array*)
                0x00000000080018d8                PROVIDE (__preinit_array_end = .)
                0x00000000080018d8                . = ALIGN (0x4)

.init_array     0x00000000080018d8        0x4
                0x00000000080018d8                . = ALIGN (0x4)
                0x00000000080018d8                PROVIDE (__init_array_start = .)
 *(SORT_BY_NAME(.init_array.*))
 *(.init_array*)
 .init_array    0x00000000080018d8        0x4 c:/st/stm32cubeide_1.4.0/stm32cubeide/plugins/com.st.stm32cube.ide.mcu.externaltools.gnu-tools-for-stm32.9-2020-q2-update.win32_2.0.0.202105311346/tools/bin/../lib/gcc/arm-none-eabi/9.3.1/thumb/v7e-m+fp/hard/crtbegin.o
                0x00000000080018dc                PROVIDE (__init_array_end = .)
                0x00000000080018dc                . = ALIGN (0x4)

.fini_array     0x00000000080018dc        0x4
                0x00000000080018dc                . = ALIGN (0x4)
                [!provide]                        PROVIDE (__fini_array_start = .)
 *(SORT_BY_NAME(.fini_array.*))
 *(.fini_array*)
 .fini_array    0x00000000080018dc        0x4 c:/st/stm32cubeide_1.4.0/stm32cubeide/plugins/com.st.stm32cube.ide.mcu.externaltools.gnu-tools-for-stm32.9-2020-q2-update.win32_2.0.0.202105311346/tools/bin/../lib/gcc/arm-none-eabi/9.3.1/thumb/v7e-m+fp/hard/crtbegin.o
                [!provide]                        PROVIDE (__fini_array_end = .)
                0x00000000080018e0                . = ALIGN (0x4)
                0x00000000080018e0                _sidata = LOADADDR (.data)

.data           0x0000000020000000        0x4 load address 0x00000000080018e0
                0x0000000020000000                . = ALIGN (0x4)
                0x0000000020000000                _sdata = .
 *(.data)
 *(.data*)
 .data.SystemCoreClock
                0x0000000020000000        0x4 ./Src/system_stm32f4xx.o
                0x0000000020000000                SystemCoreClock
 *(.RamFunc)
 *(.RamFunc*)
                0x0000000020000004                . = ALIGN (0x4)
                0x0000000020000004                _edata = .

.igot.plt       0x0000000020000004        0x0 load address 0x00000000080018e4
 .igot.plt      0x0000000020000004        0x0 c:/st/stm32cubeide_1.4.0/stm32cubeide/plugins/com.st.stm32cube.ide.mcu.externaltools.gnu-tools-for-stm32.9-2020-q2-update.win32_2.0.0.202105311346/tools/bin/../lib/gcc/arm-none-eabi/9.3.1/thumb/v7e-m+fp/hard/crtbegin.o
                0x0000000020000004                . = ALIGN (0x4)

.bss            0x0000000020000004      0x41c load address 0x00000000080018e4
                0x0000000020000004                _sbss = .
                0x0000000020000004                __bss_start__ = _sbss
 *(.bss)
 .bss           0x0000000020000004       0x1c c:/st/stm32cubeide_1.4.0/stm32cubeide/plugins/com.st.stm32cube.ide.mcu.externaltools.gnu-tools-for-stm32.9-2020-q2-update.win32_2.0.0.202105311346/tools/bin/../lib/gcc/arm-none-eabi/9.3.1/thumb/v7e-m+fp/hard/crtbegin.o
 *(.bss*)
 .bss.OLED_buffer
                0x0000000020000020      0x400 ./Src/Oled.o
 *(COMMON)
                0x0000000020000420                . = ALIGN (0x4)
                0x0000000020000420                _ebss = .
                0x0000000020000420                __bss_end__ = _ebss

._user_heap_stack
                0x0000000020000420      0x600 load address 0x00000000080018e4
                0x0000000020000420                . = ALIGN (0x8)
                [!provide]                        PROVIDE (end = .)
                0x0000000020000420                PROVIDE (_end = .)
                0x0000000020000620                . = (. + _Min_Heap_Size)
 *fill*         0x0000000020000420      0x200 
                0x0000000020000a20                . = (. + _Min_Stack_Size)
 *fill*         0x0000000020000620      0x400 
                0x0000000020000a20                . = ALIGN (0x8)

/DISCARD/
 libc.a(*)
 libm.a(*)
 libgcc.a(*)

.ARM.attributes
                0x0000000000000000       0x30
 *(.ARM.attributes)
 .ARM.attributes
                0x0000000000000000       0x1e c:/st/stm32cubeide_1.4.0/stm32cubeide/plugins/com.st.stm32cube.ide.mcu.externaltools.gnu-tools-for-stm32.9-2020-q2-update.win32_2.0.0.202105311346/tools/bin/../lib/gcc/arm-none-eabi/9.3.1/thumb/v7e-m+fp/hard/crti.o
 .ARM.attributes
                0x000000000000001e       0x34 c:/st/stm32cubeide_1.4.0/stm32cubeide/plugins/com.st.stm32cube.ide.mcu.externaltools.gnu-tools-for-stm32.9-2020-q2-update.win32_2.0.0.202105311346/tools/bin/../lib/gcc/arm-none-eabi/9.3.1/thumb/v7e-m+fp/hard/crtbegin.o
 .ARM.attributes
                0x0000000000000052       0x34 ./Src/Oled.o
 .ARM.attributes
                0x0000000000000086       0x34 ./Src/delay.o
 .ARM.attributes
                0x00000000000000ba       0x34 ./Src/gui.o
 .ARM.attributes
                0x00000000000000ee       0x34 ./Src/main.o
 .ARM.attributes
                0x0000000000000122       0x39 ./Src/pajaro.o
 .ARM.attributes
                0x000000000000015b       0x34 ./Src/stm32f4xx_it.o
 .ARM.attributes
                0x000000000000018f       0x34 ./Src/system_stm32f4xx.o
 .ARM.attributes
                0x00000000000001c3       0x21 ./Startup/startup_stm32f401retx.o
 .ARM.attributes
                0x00000000000001e4       0x34 c:/st/stm32cubeide_1.4.0/stm32cubeide/plugins/com.st.stm32cube.ide.mcu.externaltools.gnu-tools-for-stm32.9-2020-q2-update.win32_2.0.0.202105311346/tools/bin/../lib/gcc/arm-none-eabi/9.3.1/../../../../arm-none-eabi/lib/thumb/v7e-m+fp/hard\libc_nano.a(lib_a-init.o)
 .ARM.attributes
                0x0000000000000218       0x34 c:/st/stm32cubeide_1.4.0/stm32cubeide/plugins/com.st.stm32cube.ide.mcu.externaltools.gnu-tools-for-stm32.9-2020-q2-update.win32_2.0.0.202105311346/tools/bin/../lib/gcc/arm-none-eabi/9.3.1/../../../../arm-none-eabi/lib/thumb/v7e-m+fp/hard\libc_nano.a(lib_a-memset.o)
 .ARM.attributes
                0x000000000000024c       0x1e c:/st/stm32cubeide_1.4.0/stm32cubeide/plugins/com.st.stm32cube.ide.mcu.externaltools.gnu-tools-for-stm32.9-2020-q2-update.win32_2.0.0.202105311346/tools/bin/../lib/gcc/arm-none-eabi/9.3.1/thumb/v7e-m+fp/hard\libgcc.a(_arm_addsubdf3.o)
 .ARM.attributes
                0x000000000000026a       0x1e c:/st/stm32cubeide_1.4.0/stm32cubeide/plugins/com.st.stm32cube.ide.mcu.externaltools.gnu-tools-for-stm32.9-2020-q2-update.win32_2.0.0.202105311346/tools/bin/../lib/gcc/arm-none-eabi/9.3.1/thumb/v7e-m+fp/hard\libgcc.a(_arm_muldivdf3.o)
 .ARM.attributes
                0x0000000000000288       0x1e c:/st/stm32cubeide_1.4.0/stm32cubeide/plugins/com.st.stm32cube.ide.mcu.externaltools.gnu-tools-for-stm32.9-2020-q2-update.win32_2.0.0.202105311346/tools/bin/../lib/gcc/arm-none-eabi/9.3.1/thumb/v7e-m+fp/hard\libgcc.a(_arm_fixunsdfsi.o)
 .ARM.attributes
                0x00000000000002a6       0x1e c:/st/stm32cubeide_1.4.0/stm32cubeide/plugins/com.st.stm32cube.ide.mcu.externaltools.gnu-tools-for-stm32.9-2020-q2-update.win32_2.0.0.202105311346/tools/bin/../lib/gcc/arm-none-eabi/9.3.1/thumb/v7e-m+fp/hard/crtn.o
OUTPUT(OLED_V2.elf elf32-littlearm)
LOAD linker stubs
LOAD c:/st/stm32cubeide_1.4.0/stm32cubeide/plugins/com.st.stm32cube.ide.mcu.externaltools.gnu-tools-for-stm32.9-2020-q2-update.win32_2.0.0.202105311346/tools/bin/../lib/gcc/arm-none-eabi/9.3.1/../../../../arm-none-eabi/lib/thumb/v7e-m+fp/hard\libc.a
LOAD c:/st/stm32cubeide_1.4.0/stm32cubeide/plugins/com.st.stm32cube.ide.mcu.externaltools.gnu-tools-for-stm32.9-2020-q2-update.win32_2.0.0.202105311346/tools/bin/../lib/gcc/arm-none-eabi/9.3.1/../../../../arm-none-eabi/lib/thumb/v7e-m+fp/hard\libm.a
LOAD c:/st/stm32cubeide_1.4.0/stm32cubeide/plugins/com.st.stm32cube.ide.mcu.externaltools.gnu-tools-for-stm32.9-2020-q2-update.win32_2.0.0.202105311346/tools/bin/../lib/gcc/arm-none-eabi/9.3.1/thumb/v7e-m+fp/hard\libgcc.a

.debug_info     0x0000000000000000     0x470c
 .debug_info    0x0000000000000000      0xc46 ./Src/Oled.o
 .debug_info    0x0000000000000c46      0x1b0 ./Src/delay.o
 .debug_info    0x0000000000000df6     0x16ee ./Src/gui.o
 .debug_info    0x00000000000024e4      0xfce ./Src/main.o
 .debug_info    0x00000000000034b2      0x14c ./Src/pajaro.o
 .debug_info    0x00000000000035fe      0xb7a ./Src/stm32f4xx_it.o
 .debug_info    0x0000000000004178      0x572 ./Src/system_stm32f4xx.o
 .debug_info    0x00000000000046ea       0x22 ./Startup/startup_stm32f401retx.o

.debug_abbrev   0x0000000000000000      0xcc9
 .debug_abbrev  0x0000000000000000      0x249 ./Src/Oled.o
 .debug_abbrev  0x0000000000000249      0x107 ./Src/delay.o
 .debug_abbrev  0x0000000000000350      0x303 ./Src/gui.o
 .debug_abbrev  0x0000000000000653      0x2d1 ./Src/main.o
 .debug_abbrev  0x0000000000000924       0xc0 ./Src/pajaro.o
 .debug_abbrev  0x00000000000009e4      0x1aa ./Src/stm32f4xx_it.o
 .debug_abbrev  0x0000000000000b8e      0x129 ./Src/system_stm32f4xx.o
 .debug_abbrev  0x0000000000000cb7       0x12 ./Startup/startup_stm32f401retx.o

.debug_aranges  0x0000000000000000      0x268
 .debug_aranges
                0x0000000000000000       0x68 ./Src/Oled.o
 .debug_aranges
                0x0000000000000068       0x20 ./Src/delay.o
 .debug_aranges
                0x0000000000000088       0xc0 ./Src/gui.o
 .debug_aranges
                0x0000000000000148       0x58 ./Src/main.o
 .debug_aranges
                0x00000000000001a0       0x18 ./Src/pajaro.o
 .debug_aranges
                0x00000000000001b8       0x60 ./Src/stm32f4xx_it.o
 .debug_aranges
                0x0000000000000218       0x28 ./Src/system_stm32f4xx.o
 .debug_aranges
                0x0000000000000240       0x28 ./Startup/startup_stm32f401retx.o

.debug_ranges   0x0000000000000000      0x1e8
 .debug_ranges  0x0000000000000000       0x58 ./Src/Oled.o
 .debug_ranges  0x0000000000000058       0x10 ./Src/delay.o
 .debug_ranges  0x0000000000000068       0xb0 ./Src/gui.o
 .debug_ranges  0x0000000000000118       0x48 ./Src/main.o
 .debug_ranges  0x0000000000000160       0x50 ./Src/stm32f4xx_it.o
 .debug_ranges  0x00000000000001b0       0x18 ./Src/system_stm32f4xx.o
 .debug_ranges  0x00000000000001c8       0x20 ./Startup/startup_stm32f401retx.o

.debug_macro    0x0000000000000000     0xf635
 .debug_macro   0x0000000000000000      0x1f1 ./Src/Oled.o
 .debug_macro   0x00000000000001f1      0xab4 ./Src/Oled.o
 .debug_macro   0x0000000000000ca5       0x28 ./Src/Oled.o
 .debug_macro   0x0000000000000ccd       0x28 ./Src/Oled.o
 .debug_macro   0x0000000000000cf5       0x22 ./Src/Oled.o
 .debug_macro   0x0000000000000d17       0x8e ./Src/Oled.o
 .debug_macro   0x0000000000000da5       0x51 ./Src/Oled.o
 .debug_macro   0x0000000000000df6      0x103 ./Src/Oled.o
 .debug_macro   0x0000000000000ef9       0x6a ./Src/Oled.o
 .debug_macro   0x0000000000000f63      0x1df ./Src/Oled.o
 .debug_macro   0x0000000000001142       0x1c ./Src/Oled.o
 .debug_macro   0x000000000000115e       0x22 ./Src/Oled.o
 .debug_macro   0x0000000000001180       0xdf ./Src/Oled.o
 .debug_macro   0x000000000000125f     0x102d ./Src/Oled.o
 .debug_macro   0x000000000000228c      0x11f ./Src/Oled.o
 .debug_macro   0x00000000000023ab     0xb86c ./Src/Oled.o
 .debug_macro   0x000000000000dc17       0x6d ./Src/Oled.o
 .debug_macro   0x000000000000dc84      0x14e ./Src/Oled.o
 .debug_macro   0x000000000000ddd2       0x18 ./Src/Oled.o
 .debug_macro   0x000000000000ddea       0x52 ./Src/Oled.o
 .debug_macro   0x000000000000de3c       0x3c ./Src/Oled.o
 .debug_macro   0x000000000000de78       0x34 ./Src/Oled.o
 .debug_macro   0x000000000000deac       0x16 ./Src/Oled.o
 .debug_macro   0x000000000000dec2      0x10e ./Src/Oled.o
 .debug_macro   0x000000000000dfd0       0x8d ./Src/Oled.o
 .debug_macro   0x000000000000e05d       0x16 ./Src/Oled.o
 .debug_macro   0x000000000000e073       0x43 ./Src/Oled.o
 .debug_macro   0x000000000000e0b6       0x34 ./Src/Oled.o
 .debug_macro   0x000000000000e0ea       0x10 ./Src/Oled.o
 .debug_macro   0x000000000000e0fa       0x58 ./Src/Oled.o
 .debug_macro   0x000000000000e152       0x71 ./Src/Oled.o
 .debug_macro   0x000000000000e1c3       0x1c ./Src/Oled.o
 .debug_macro   0x000000000000e1df      0x12a ./Src/Oled.o
 .debug_macro   0x000000000000e309      0x333 ./Src/Oled.o
 .debug_macro   0x000000000000e63c       0x16 ./Src/Oled.o
 .debug_macro   0x000000000000e652       0x29 ./Src/Oled.o
 .debug_macro   0x000000000000e67b       0x16 ./Src/Oled.o
 .debug_macro   0x000000000000e691       0x35 ./Src/Oled.o
 .debug_macro   0x000000000000e6c6       0x20 ./Src/Oled.o
 .debug_macro   0x000000000000e6e6       0x58 ./Src/Oled.o
 .debug_macro   0x000000000000e73e       0xd8 ./Src/delay.o
 .debug_macro   0x000000000000e816      0x205 ./Src/gui.o
 .debug_macro   0x000000000000ea1b       0x4c ./Src/gui.o
 .debug_macro   0x000000000000ea67       0x94 ./Src/gui.o
 .debug_macro   0x000000000000eafb      0x174 ./Src/gui.o
 .debug_macro   0x000000000000ec6f       0x57 ./Src/gui.o
 .debug_macro   0x000000000000ecc6      0x339 ./Src/gui.o
 .debug_macro   0x000000000000efff       0x10 ./Src/gui.o
 .debug_macro   0x000000000000f00f       0xd9 ./Src/gui.o
 .debug_macro   0x000000000000f0e8      0x245 ./Src/main.o
 .debug_macro   0x000000000000f32d       0x6d ./Src/pajaro.o
 .debug_macro   0x000000000000f39a      0x1c1 ./Src/stm32f4xx_it.o
 .debug_macro   0x000000000000f55b       0xda ./Src/system_stm32f4xx.o

.debug_line     0x0000000000000000     0x36f3
 .debug_line    0x0000000000000000      0x815 ./Src/Oled.o
 .debug_line    0x0000000000000815      0x521 ./Src/delay.o
 .debug_line    0x0000000000000d36      0xf16 ./Src/gui.o
 .debug_line    0x0000000000001c4c      0xa36 ./Src/main.o
 .debug_line    0x0000000000002682      0x37f ./Src/pajaro.o
 .debug_line    0x0000000000002a01      0x70d ./Src/stm32f4xx_it.o
 .debug_line    0x000000000000310e      0x561 ./Src/system_stm32f4xx.o
 .debug_line    0x000000000000366f       0x84 ./Startup/startup_stm32f401retx.o

.debug_str      0x0000000000000000    0x53e8a
 .debug_str     0x0000000000000000    0x53175 ./Src/Oled.o
                                      0x5340a (size before relaxing)
 .debug_str     0x0000000000053175       0x3b ./Src/delay.o
                                      0x4f522 (size before relaxing)
 .debug_str     0x00000000000531b0      0x23b ./Src/gui.o
                                      0x53568 (size before relaxing)
 .debug_str     0x00000000000533eb      0x2c2 ./Src/main.o
                                      0x5364c (size before relaxing)
 .debug_str     0x00000000000536ad       0x22 ./Src/pajaro.o
                                       0x3d42 (size before relaxing)
 .debug_str     0x00000000000536cf      0x6a3 ./Src/stm32f4xx_it.o
                                      0x53882 (size before relaxing)
 .debug_str     0x0000000000053d72       0xe7 ./Src/system_stm32f4xx.o
                                      0x4f6d2 (size before relaxing)
 .debug_str     0x0000000000053e59       0x31 ./Startup/startup_stm32f401retx.o
                                         0x63 (size before relaxing)

.comment        0x0000000000000000       0x53
 .comment       0x0000000000000000       0x53 ./Src/Oled.o
                                         0x54 (size before relaxing)
 .comment       0x0000000000000053       0x54 ./Src/delay.o
 .comment       0x0000000000000053       0x54 ./Src/gui.o
 .comment       0x0000000000000053       0x54 ./Src/main.o
 .comment       0x0000000000000053       0x54 ./Src/pajaro.o
 .comment       0x0000000000000053       0x54 ./Src/stm32f4xx_it.o
 .comment       0x0000000000000053       0x54 ./Src/system_stm32f4xx.o

.debug_frame    0x0000000000000000      0x8c4
 .debug_frame   0x0000000000000000      0x164 ./Src/Oled.o
 .debug_frame   0x0000000000000164       0x38 ./Src/delay.o
 .debug_frame   0x000000000000019c      0x344 ./Src/gui.o
 .debug_frame   0x00000000000004e0      0x118 ./Src/main.o
 .debug_frame   0x00000000000005f8      0x108 ./Src/stm32f4xx_it.o
 .debug_frame   0x0000000000000700       0x58 ./Src/system_stm32f4xx.o
 .debug_frame   0x0000000000000758       0x2c c:/st/stm32cubeide_1.4.0/stm32cubeide/plugins/com.st.stm32cube.ide.mcu.externaltools.gnu-tools-for-stm32.9-2020-q2-update.win32_2.0.0.202105311346/tools/bin/../lib/gcc/arm-none-eabi/9.3.1/../../../../arm-none-eabi/lib/thumb/v7e-m+fp/hard\libc_nano.a(lib_a-init.o)
 .debug_frame   0x0000000000000784       0x20 c:/st/stm32cubeide_1.4.0/stm32cubeide/plugins/com.st.stm32cube.ide.mcu.externaltools.gnu-tools-for-stm32.9-2020-q2-update.win32_2.0.0.202105311346/tools/bin/../lib/gcc/arm-none-eabi/9.3.1/../../../../arm-none-eabi/lib/thumb/v7e-m+fp/hard\libc_nano.a(lib_a-memset.o)
 .debug_frame   0x00000000000007a4       0xac c:/st/stm32cubeide_1.4.0/stm32cubeide/plugins/com.st.stm32cube.ide.mcu.externaltools.gnu-tools-for-stm32.9-2020-q2-update.win32_2.0.0.202105311346/tools/bin/../lib/gcc/arm-none-eabi/9.3.1/thumb/v7e-m+fp/hard\libgcc.a(_arm_addsubdf3.o)
 .debug_frame   0x0000000000000850       0x50 c:/st/stm32cubeide_1.4.0/stm32cubeide/plugins/com.st.stm32cube.ide.mcu.externaltools.gnu-tools-for-stm32.9-2020-q2-update.win32_2.0.0.202105311346/tools/bin/../lib/gcc/arm-none-eabi/9.3.1/thumb/v7e-m+fp/hard\libgcc.a(_arm_muldivdf3.o)
 .debug_frame   0x00000000000008a0       0x24 c:/st/stm32cubeide_1.4.0/stm32cubeide/plugins/com.st.stm32cube.ide.mcu.externaltools.gnu-tools-for-stm32.9-2020-q2-update.win32_2.0.0.202105311346/tools/bin/../lib/gcc/arm-none-eabi/9.3.1/thumb/v7e-m+fp/hard\libgcc.a(_arm_fixunsdfsi.o)
