Archive member included to satisfy reference by file (symbol)

c:/st/stm32cubeide_1.4.0/stm32cubeide/plugins/com.st.stm32cube.ide.mcu.externaltools.gnu-tools-for-stm32.9-2020-q2-update.win32_2.0.0.202105311346/tools/bin/../lib/gcc/arm-none-eabi/9.3.1/../../../../arm-none-eabi/lib/thumb/v7e-m+fp/hard\libc_nano.a(lib_a-errno.o)
                              ./Src/syscalls.o (__errno)
c:/st/stm32cubeide_1.4.0/stm32cubeide/plugins/com.st.stm32cube.ide.mcu.externaltools.gnu-tools-for-stm32.9-2020-q2-update.win32_2.0.0.202105311346/tools/bin/../lib/gcc/arm-none-eabi/9.3.1/../../../../arm-none-eabi/lib/thumb/v7e-m+fp/hard\libc_nano.a(lib_a-exit.o)
                              c:/st/stm32cubeide_1.4.0/stm32cubeide/plugins/com.st.stm32cube.ide.mcu.externaltools.gnu-tools-for-stm32.9-2020-q2-update.win32_2.0.0.202105311346/tools/bin/../lib/gcc/arm-none-eabi/9.3.1/../../../../arm-none-eabi/lib/thumb/v7e-m+fp/hard/crt0.o (exit)
c:/st/stm32cubeide_1.4.0/stm32cubeide/plugins/com.st.stm32cube.ide.mcu.externaltools.gnu-tools-for-stm32.9-2020-q2-update.win32_2.0.0.202105311346/tools/bin/../lib/gcc/arm-none-eabi/9.3.1/../../../../arm-none-eabi/lib/thumb/v7e-m+fp/hard\libc_nano.a(lib_a-impure.o)
                              c:/st/stm32cubeide_1.4.0/stm32cubeide/plugins/com.st.stm32cube.ide.mcu.externaltools.gnu-tools-for-stm32.9-2020-q2-update.win32_2.0.0.202105311346/tools/bin/../lib/gcc/arm-none-eabi/9.3.1/../../../../arm-none-eabi/lib/thumb/v7e-m+fp/hard\libc_nano.a(lib_a-exit.o) (_global_impure_ptr)
c:/st/stm32cubeide_1.4.0/stm32cubeide/plugins/com.st.stm32cube.ide.mcu.externaltools.gnu-tools-for-stm32.9-2020-q2-update.win32_2.0.0.202105311346/tools/bin/../lib/gcc/arm-none-eabi/9.3.1/../../../../arm-none-eabi/lib/thumb/v7e-m+fp/hard\libc_nano.a(lib_a-init.o)
                              c:/st/stm32cubeide_1.4.0/stm32cubeide/plugins/com.st.stm32cube.ide.mcu.externaltools.gnu-tools-for-stm32.9-2020-q2-update.win32_2.0.0.202105311346/tools/bin/../lib/gcc/arm-none-eabi/9.3.1/../../../../arm-none-eabi/lib/thumb/v7e-m+fp/hard/crt0.o (__libc_init_array)
c:/st/stm32cubeide_1.4.0/stm32cubeide/plugins/com.st.stm32cube.ide.mcu.externaltools.gnu-tools-for-stm32.9-2020-q2-update.win32_2.0.0.202105311346/tools/bin/../lib/gcc/arm-none-eabi/9.3.1/../../../../arm-none-eabi/lib/thumb/v7e-m+fp/hard\libc_nano.a(lib_a-memset.o)
                              c:/st/stm32cubeide_1.4.0/stm32cubeide/plugins/com.st.stm32cube.ide.mcu.externaltools.gnu-tools-for-stm32.9-2020-q2-update.win32_2.0.0.202105311346/tools/bin/../lib/gcc/arm-none-eabi/9.3.1/../../../../arm-none-eabi/lib/thumb/v7e-m+fp/hard/crt0.o (memset)
c:/st/stm32cubeide_1.4.0/stm32cubeide/plugins/com.st.stm32cube.ide.mcu.externaltools.gnu-tools-for-stm32.9-2020-q2-update.win32_2.0.0.202105311346/tools/bin/../lib/gcc/arm-none-eabi/9.3.1/thumb/v7e-m+fp/hard\libgcc.a(_aeabi_uldivmod.o)
                              ./Src/USART.o (__aeabi_uldivmod)
c:/st/stm32cubeide_1.4.0/stm32cubeide/plugins/com.st.stm32cube.ide.mcu.externaltools.gnu-tools-for-stm32.9-2020-q2-update.win32_2.0.0.202105311346/tools/bin/../lib/gcc/arm-none-eabi/9.3.1/thumb/v7e-m+fp/hard\libgcc.a(_udivmoddi4.o)
                              c:/st/stm32cubeide_1.4.0/stm32cubeide/plugins/com.st.stm32cube.ide.mcu.externaltools.gnu-tools-for-stm32.9-2020-q2-update.win32_2.0.0.202105311346/tools/bin/../lib/gcc/arm-none-eabi/9.3.1/thumb/v7e-m+fp/hard\libgcc.a(_aeabi_uldivmod.o) (__udivmoddi4)
c:/st/stm32cubeide_1.4.0/stm32cubeide/plugins/com.st.stm32cube.ide.mcu.externaltools.gnu-tools-for-stm32.9-2020-q2-update.win32_2.0.0.202105311346/tools/bin/../lib/gcc/arm-none-eabi/9.3.1/thumb/v7e-m+fp/hard\libgcc.a(_dvmd_tls.o)
                              c:/st/stm32cubeide_1.4.0/stm32cubeide/plugins/com.st.stm32cube.ide.mcu.externaltools.gnu-tools-for-stm32.9-2020-q2-update.win32_2.0.0.202105311346/tools/bin/../lib/gcc/arm-none-eabi/9.3.1/thumb/v7e-m+fp/hard\libgcc.a(_aeabi_uldivmod.o) (__aeabi_ldiv0)

Allocating common symbols
Common symbol       size              file

args                0x2               ./Src/main_cmd.o
ackbyte             0x1               ./Src/main_cmd.o
dummy_read          0x1               ./Src/main_cmd.o
usart2_handle       0x18              ./Src/main_cmd.o

Discarded input sections

 .text          0x0000000000000000        0x0 c:/st/stm32cubeide_1.4.0/stm32cubeide/plugins/com.st.stm32cube.ide.mcu.externaltools.gnu-tools-for-stm32.9-2020-q2-update.win32_2.0.0.202105311346/tools/bin/../lib/gcc/arm-none-eabi/9.3.1/thumb/v7e-m+fp/hard/crti.o
 .data          0x0000000000000000        0x0 c:/st/stm32cubeide_1.4.0/stm32cubeide/plugins/com.st.stm32cube.ide.mcu.externaltools.gnu-tools-for-stm32.9-2020-q2-update.win32_2.0.0.202105311346/tools/bin/../lib/gcc/arm-none-eabi/9.3.1/thumb/v7e-m+fp/hard/crti.o
 .bss           0x0000000000000000        0x0 c:/st/stm32cubeide_1.4.0/stm32cubeide/plugins/com.st.stm32cube.ide.mcu.externaltools.gnu-tools-for-stm32.9-2020-q2-update.win32_2.0.0.202105311346/tools/bin/../lib/gcc/arm-none-eabi/9.3.1/thumb/v7e-m+fp/hard/crti.o
 .data          0x0000000000000000        0x4 c:/st/stm32cubeide_1.4.0/stm32cubeide/plugins/com.st.stm32cube.ide.mcu.externaltools.gnu-tools-for-stm32.9-2020-q2-update.win32_2.0.0.202105311346/tools/bin/../lib/gcc/arm-none-eabi/9.3.1/thumb/v7e-m+fp/hard/crtbegin.o
 .text          0x0000000000000000       0x7c c:/st/stm32cubeide_1.4.0/stm32cubeide/plugins/com.st.stm32cube.ide.mcu.externaltools.gnu-tools-for-stm32.9-2020-q2-update.win32_2.0.0.202105311346/tools/bin/../lib/gcc/arm-none-eabi/9.3.1/../../../../arm-none-eabi/lib/thumb/v7e-m+fp/hard/crt0.o
 .data          0x0000000000000000        0x0 c:/st/stm32cubeide_1.4.0/stm32cubeide/plugins/com.st.stm32cube.ide.mcu.externaltools.gnu-tools-for-stm32.9-2020-q2-update.win32_2.0.0.202105311346/tools/bin/../lib/gcc/arm-none-eabi/9.3.1/../../../../arm-none-eabi/lib/thumb/v7e-m+fp/hard/crt0.o
 .bss           0x0000000000000000        0x0 c:/st/stm32cubeide_1.4.0/stm32cubeide/plugins/com.st.stm32cube.ide.mcu.externaltools.gnu-tools-for-stm32.9-2020-q2-update.win32_2.0.0.202105311346/tools/bin/../lib/gcc/arm-none-eabi/9.3.1/../../../../arm-none-eabi/lib/thumb/v7e-m+fp/hard/crt0.o
 .ARM.extab     0x0000000000000000        0x0 c:/st/stm32cubeide_1.4.0/stm32cubeide/plugins/com.st.stm32cube.ide.mcu.externaltools.gnu-tools-for-stm32.9-2020-q2-update.win32_2.0.0.202105311346/tools/bin/../lib/gcc/arm-none-eabi/9.3.1/../../../../arm-none-eabi/lib/thumb/v7e-m+fp/hard/crt0.o
 .ARM.exidx     0x0000000000000000       0x10 c:/st/stm32cubeide_1.4.0/stm32cubeide/plugins/com.st.stm32cube.ide.mcu.externaltools.gnu-tools-for-stm32.9-2020-q2-update.win32_2.0.0.202105311346/tools/bin/../lib/gcc/arm-none-eabi/9.3.1/../../../../arm-none-eabi/lib/thumb/v7e-m+fp/hard/crt0.o
 .ARM.attributes
                0x0000000000000000       0x1c c:/st/stm32cubeide_1.4.0/stm32cubeide/plugins/com.st.stm32cube.ide.mcu.externaltools.gnu-tools-for-stm32.9-2020-q2-update.win32_2.0.0.202105311346/tools/bin/../lib/gcc/arm-none-eabi/9.3.1/../../../../arm-none-eabi/lib/thumb/v7e-m+fp/hard/crt0.o
 .group         0x0000000000000000        0xc ./Src/USART.o
 .group         0x0000000000000000        0xc ./Src/USART.o
 .group         0x0000000000000000        0xc ./Src/USART.o
 .group         0x0000000000000000        0xc ./Src/USART.o
 .group         0x0000000000000000        0xc ./Src/USART.o
 .group         0x0000000000000000        0xc ./Src/USART.o
 .group         0x0000000000000000        0xc ./Src/USART.o
 .group         0x0000000000000000        0xc ./Src/USART.o
 .group         0x0000000000000000        0xc ./Src/USART.o
 .group         0x0000000000000000        0xc ./Src/USART.o
 .group         0x0000000000000000        0xc ./Src/USART.o
 .group         0x0000000000000000        0xc ./Src/USART.o
 .group         0x0000000000000000        0xc ./Src/USART.o
 .group         0x0000000000000000        0xc ./Src/USART.o
 .group         0x0000000000000000        0xc ./Src/USART.o
 .group         0x0000000000000000        0xc ./Src/USART.o
 .group         0x0000000000000000        0xc ./Src/USART.o
 .group         0x0000000000000000        0xc ./Src/USART.o
 .group         0x0000000000000000        0xc ./Src/USART.o
 .group         0x0000000000000000        0xc ./Src/USART.o
 .group         0x0000000000000000        0xc ./Src/USART.o
 .group         0x0000000000000000        0xc ./Src/USART.o
 .group         0x0000000000000000        0xc ./Src/USART.o
 .group         0x0000000000000000        0xc ./Src/USART.o
 .group         0x0000000000000000        0xc ./Src/USART.o
 .group         0x0000000000000000        0xc ./Src/USART.o
 .group         0x0000000000000000        0xc ./Src/USART.o
 .group         0x0000000000000000        0xc ./Src/USART.o
 .group         0x0000000000000000        0xc ./Src/USART.o
 .group         0x0000000000000000        0xc ./Src/USART.o
 .group         0x0000000000000000        0xc ./Src/USART.o
 .group         0x0000000000000000        0xc ./Src/USART.o
 .group         0x0000000000000000        0xc ./Src/USART.o
 .group         0x0000000000000000        0xc ./Src/USART.o
 .group         0x0000000000000000        0xc ./Src/USART.o
 .group         0x0000000000000000        0xc ./Src/USART.o
 .text          0x0000000000000000        0x0 ./Src/USART.o
 .data          0x0000000000000000        0x0 ./Src/USART.o
 .bss           0x0000000000000000        0x0 ./Src/USART.o
 .text.USART_SendData
                0x0000000000000000       0x96 ./Src/USART.o
 .text.USART_ReceiveData
                0x0000000000000000       0xb0 ./Src/USART.o
 .text.USART_SendDataIT
                0x0000000000000000       0x58 ./Src/USART.o
 .text.USART_ReceiveDataIT
                0x0000000000000000       0x4e ./Src/USART.o
 .text.USART_ApplicationEventCallback
                0x0000000000000000       0x18 ./Src/USART.o
 .group         0x0000000000000000        0xc ./Src/main_cmd.o
 .group         0x0000000000000000        0xc ./Src/main_cmd.o
 .group         0x0000000000000000        0xc ./Src/main_cmd.o
 .group         0x0000000000000000        0xc ./Src/main_cmd.o
 .group         0x0000000000000000        0xc ./Src/main_cmd.o
 .group         0x0000000000000000        0xc ./Src/main_cmd.o
 .group         0x0000000000000000        0xc ./Src/main_cmd.o
 .group         0x0000000000000000        0xc ./Src/main_cmd.o
 .group         0x0000000000000000        0xc ./Src/main_cmd.o
 .group         0x0000000000000000        0xc ./Src/main_cmd.o
 .group         0x0000000000000000        0xc ./Src/main_cmd.o
 .group         0x0000000000000000        0xc ./Src/main_cmd.o
 .group         0x0000000000000000        0xc ./Src/main_cmd.o
 .group         0x0000000000000000        0xc ./Src/main_cmd.o
 .group         0x0000000000000000        0xc ./Src/main_cmd.o
 .group         0x0000000000000000        0xc ./Src/main_cmd.o
 .group         0x0000000000000000        0xc ./Src/main_cmd.o
 .group         0x0000000000000000        0xc ./Src/main_cmd.o
 .group         0x0000000000000000        0xc ./Src/main_cmd.o
 .group         0x0000000000000000        0xc ./Src/main_cmd.o
 .group         0x0000000000000000        0xc ./Src/main_cmd.o
 .group         0x0000000000000000        0xc ./Src/main_cmd.o
 .group         0x0000000000000000        0xc ./Src/main_cmd.o
 .group         0x0000000000000000        0xc ./Src/main_cmd.o
 .group         0x0000000000000000        0xc ./Src/main_cmd.o
 .group         0x0000000000000000        0xc ./Src/main_cmd.o
 .group         0x0000000000000000        0xc ./Src/main_cmd.o
 .group         0x0000000000000000        0xc ./Src/main_cmd.o
 .group         0x0000000000000000        0xc ./Src/main_cmd.o
 .group         0x0000000000000000        0xc ./Src/main_cmd.o
 .group         0x0000000000000000        0xc ./Src/main_cmd.o
 .group         0x0000000000000000        0xc ./Src/main_cmd.o
 .group         0x0000000000000000        0xc ./Src/main_cmd.o
 .group         0x0000000000000000        0xc ./Src/main_cmd.o
 .group         0x0000000000000000        0xc ./Src/main_cmd.o
 .group         0x0000000000000000        0xc ./Src/main_cmd.o
 .group         0x0000000000000000        0xc ./Src/main_cmd.o
 .group         0x0000000000000000        0xc ./Src/main_cmd.o
 .group         0x0000000000000000        0xc ./Src/main_cmd.o
 .group         0x0000000000000000        0xc ./Src/main_cmd.o
 .group         0x0000000000000000        0xc ./Src/main_cmd.o
 .group         0x0000000000000000        0xc ./Src/main_cmd.o
 .group         0x0000000000000000        0xc ./Src/main_cmd.o
 .group         0x0000000000000000        0xc ./Src/main_cmd.o
 .group         0x0000000000000000        0xc ./Src/main_cmd.o
 .group         0x0000000000000000        0xc ./Src/main_cmd.o
 .group         0x0000000000000000        0xc ./Src/main_cmd.o
 .group         0x0000000000000000        0xc ./Src/main_cmd.o
 .group         0x0000000000000000        0xc ./Src/main_cmd.o
 .group         0x0000000000000000        0xc ./Src/main_cmd.o
 .group         0x0000000000000000        0xc ./Src/main_cmd.o
 .group         0x0000000000000000        0xc ./Src/main_cmd.o
 .text          0x0000000000000000        0x0 ./Src/main_cmd.o
 .data          0x0000000000000000        0x0 ./Src/main_cmd.o
 .bss           0x0000000000000000        0x0 ./Src/main_cmd.o
 .text.SPI_SendReceiveData
                0x0000000000000000       0xa6 ./Src/main_cmd.o
 .text.SPI_MasterReceiveData
                0x0000000000000000       0xa2 ./Src/main_cmd.o
 .text.__io_putchar
                0x0000000000000000       0x34 ./Src/main_cmd.o
 .debug_macro   0x0000000000000000      0xab4 ./Src/main_cmd.o
 .debug_macro   0x0000000000000000       0x22 ./Src/main_cmd.o
 .debug_macro   0x0000000000000000       0x8e ./Src/main_cmd.o
 .debug_macro   0x0000000000000000       0x51 ./Src/main_cmd.o
 .debug_macro   0x0000000000000000      0x103 ./Src/main_cmd.o
 .debug_macro   0x0000000000000000       0x6a ./Src/main_cmd.o
 .debug_macro   0x0000000000000000      0x1df ./Src/main_cmd.o
 .debug_macro   0x0000000000000000       0x28 ./Src/main_cmd.o
 .debug_macro   0x0000000000000000       0x28 ./Src/main_cmd.o
 .debug_macro   0x0000000000000000       0x1c ./Src/main_cmd.o
 .debug_macro   0x0000000000000000       0x22 ./Src/main_cmd.o
 .debug_macro   0x0000000000000000       0xdf ./Src/main_cmd.o
 .debug_macro   0x0000000000000000     0x102d ./Src/main_cmd.o
 .debug_macro   0x0000000000000000      0x11f ./Src/main_cmd.o
 .debug_macro   0x0000000000000000     0xb86c ./Src/main_cmd.o
 .debug_macro   0x0000000000000000       0x6d ./Src/main_cmd.o
 .debug_macro   0x0000000000000000       0x52 ./Src/main_cmd.o
 .debug_macro   0x0000000000000000       0x18 ./Src/main_cmd.o
 .debug_macro   0x0000000000000000       0x3c ./Src/main_cmd.o
 .debug_macro   0x0000000000000000       0x34 ./Src/main_cmd.o
 .debug_macro   0x0000000000000000      0x333 ./Src/main_cmd.o
 .debug_macro   0x0000000000000000       0x16 ./Src/main_cmd.o
 .debug_macro   0x0000000000000000       0x43 ./Src/main_cmd.o
 .debug_macro   0x0000000000000000       0x34 ./Src/main_cmd.o
 .debug_macro   0x0000000000000000       0x10 ./Src/main_cmd.o
 .debug_macro   0x0000000000000000       0x58 ./Src/main_cmd.o
 .debug_macro   0x0000000000000000       0x71 ./Src/main_cmd.o
 .debug_macro   0x0000000000000000       0x1c ./Src/main_cmd.o
 .debug_macro   0x0000000000000000      0x12a ./Src/main_cmd.o
 .debug_macro   0x0000000000000000      0x14e ./Src/main_cmd.o
 .debug_macro   0x0000000000000000       0x16 ./Src/main_cmd.o
 .debug_macro   0x0000000000000000       0x16 ./Src/main_cmd.o
 .debug_macro   0x0000000000000000       0x29 ./Src/main_cmd.o
 .debug_macro   0x0000000000000000       0x94 ./Src/main_cmd.o
 .group         0x0000000000000000        0xc ./Src/stm32f4xx_it.o
 .group         0x0000000000000000        0xc ./Src/stm32f4xx_it.o
 .group         0x0000000000000000        0xc ./Src/stm32f4xx_it.o
 .group         0x0000000000000000        0xc ./Src/stm32f4xx_it.o
 .group         0x0000000000000000        0xc ./Src/stm32f4xx_it.o
 .group         0x0000000000000000        0xc ./Src/stm32f4xx_it.o
 .group         0x0000000000000000        0xc ./Src/stm32f4xx_it.o
 .group         0x0000000000000000        0xc ./Src/stm32f4xx_it.o
 .group         0x0000000000000000        0xc ./Src/stm32f4xx_it.o
 .group         0x0000000000000000        0xc ./Src/stm32f4xx_it.o
 .group         0x0000000000000000        0xc ./Src/stm32f4xx_it.o
 .group         0x0000000000000000        0xc ./Src/stm32f4xx_it.o
 .group         0x0000000000000000        0xc ./Src/stm32f4xx_it.o
 .group         0x0000000000000000        0xc ./Src/stm32f4xx_it.o
 .group         0x0000000000000000        0xc ./Src/stm32f4xx_it.o
 .group         0x0000000000000000        0xc ./Src/stm32f4xx_it.o
 .group         0x0000000000000000        0xc ./Src/stm32f4xx_it.o
 .group         0x0000000000000000        0xc ./Src/stm32f4xx_it.o
 .group         0x0000000000000000        0xc ./Src/stm32f4xx_it.o
 .group         0x0000000000000000        0xc ./Src/stm32f4xx_it.o
 .group         0x0000000000000000        0xc ./Src/stm32f4xx_it.o
 .group         0x0000000000000000        0xc ./Src/stm32f4xx_it.o
 .group         0x0000000000000000        0xc ./Src/stm32f4xx_it.o
 .group         0x0000000000000000        0xc ./Src/stm32f4xx_it.o
 .group         0x0000000000000000        0xc ./Src/stm32f4xx_it.o
 .group         0x0000000000000000        0xc ./Src/stm32f4xx_it.o
 .group         0x0000000000000000        0xc ./Src/stm32f4xx_it.o
 .group         0x0000000000000000        0xc ./Src/stm32f4xx_it.o
 .group         0x0000000000000000        0xc ./Src/stm32f4xx_it.o
 .group         0x0000000000000000        0xc ./Src/stm32f4xx_it.o
 .group         0x0000000000000000        0xc ./Src/stm32f4xx_it.o
 .group         0x0000000000000000        0xc ./Src/stm32f4xx_it.o
 .group         0x0000000000000000        0xc ./Src/stm32f4xx_it.o
 .group         0x0000000000000000        0xc ./Src/stm32f4xx_it.o
 .group         0x0000000000000000        0xc ./Src/stm32f4xx_it.o
 .group         0x0000000000000000        0xc ./Src/stm32f4xx_it.o
 .text          0x0000000000000000        0x0 ./Src/stm32f4xx_it.o
 .data          0x0000000000000000        0x0 ./Src/stm32f4xx_it.o
 .bss           0x0000000000000000        0x0 ./Src/stm32f4xx_it.o
 .debug_macro   0x0000000000000000      0xab4 ./Src/stm32f4xx_it.o
 .debug_macro   0x0000000000000000       0x28 ./Src/stm32f4xx_it.o
 .debug_macro   0x0000000000000000       0x28 ./Src/stm32f4xx_it.o
 .debug_macro   0x0000000000000000       0x22 ./Src/stm32f4xx_it.o
 .debug_macro   0x0000000000000000       0x8e ./Src/stm32f4xx_it.o
 .debug_macro   0x0000000000000000       0x51 ./Src/stm32f4xx_it.o
 .debug_macro   0x0000000000000000      0x103 ./Src/stm32f4xx_it.o
 .debug_macro   0x0000000000000000       0x6a ./Src/stm32f4xx_it.o
 .debug_macro   0x0000000000000000      0x1df ./Src/stm32f4xx_it.o
 .debug_macro   0x0000000000000000       0x1c ./Src/stm32f4xx_it.o
 .debug_macro   0x0000000000000000       0x22 ./Src/stm32f4xx_it.o
 .debug_macro   0x0000000000000000       0xdf ./Src/stm32f4xx_it.o
 .debug_macro   0x0000000000000000     0x102d ./Src/stm32f4xx_it.o
 .debug_macro   0x0000000000000000      0x11f ./Src/stm32f4xx_it.o
 .debug_macro   0x0000000000000000     0xb86c ./Src/stm32f4xx_it.o
 .debug_macro   0x0000000000000000       0x6d ./Src/stm32f4xx_it.o
 .debug_macro   0x0000000000000000      0x14e ./Src/stm32f4xx_it.o
 .debug_macro   0x0000000000000000       0x18 ./Src/stm32f4xx_it.o
 .debug_macro   0x0000000000000000       0x52 ./Src/stm32f4xx_it.o
 .debug_macro   0x0000000000000000       0x3c ./Src/stm32f4xx_it.o
 .debug_macro   0x0000000000000000       0x34 ./Src/stm32f4xx_it.o
 .debug_macro   0x0000000000000000       0x16 ./Src/stm32f4xx_it.o
 .debug_macro   0x0000000000000000      0x10e ./Src/stm32f4xx_it.o
 .debug_macro   0x0000000000000000       0x8d ./Src/stm32f4xx_it.o
 .debug_macro   0x0000000000000000       0x16 ./Src/stm32f4xx_it.o
 .debug_macro   0x0000000000000000       0x43 ./Src/stm32f4xx_it.o
 .debug_macro   0x0000000000000000       0x34 ./Src/stm32f4xx_it.o
 .debug_macro   0x0000000000000000       0x10 ./Src/stm32f4xx_it.o
 .debug_macro   0x0000000000000000       0x58 ./Src/stm32f4xx_it.o
 .debug_macro   0x0000000000000000       0x71 ./Src/stm32f4xx_it.o
 .debug_macro   0x0000000000000000       0x1c ./Src/stm32f4xx_it.o
 .debug_macro   0x0000000000000000      0x12a ./Src/stm32f4xx_it.o
 .debug_macro   0x0000000000000000      0x333 ./Src/stm32f4xx_it.o
 .debug_macro   0x0000000000000000       0x16 ./Src/stm32f4xx_it.o
 .debug_macro   0x0000000000000000       0x29 ./Src/stm32f4xx_it.o
 .debug_macro   0x0000000000000000       0x94 ./Src/stm32f4xx_it.o
 .group         0x0000000000000000        0xc ./Src/syscalls.o
 .group         0x0000000000000000        0xc ./Src/syscalls.o
 .group         0x0000000000000000        0xc ./Src/syscalls.o
 .group         0x0000000000000000        0xc ./Src/syscalls.o
 .group         0x0000000000000000        0xc ./Src/syscalls.o
 .group         0x0000000000000000        0xc ./Src/syscalls.o
 .group         0x0000000000000000        0xc ./Src/syscalls.o
 .group         0x0000000000000000        0xc ./Src/syscalls.o
 .group         0x0000000000000000        0xc ./Src/syscalls.o
 .group         0x0000000000000000        0xc ./Src/syscalls.o
 .group         0x0000000000000000        0xc ./Src/syscalls.o
 .group         0x0000000000000000        0xc ./Src/syscalls.o
 .group         0x0000000000000000        0xc ./Src/syscalls.o
 .group         0x0000000000000000        0xc ./Src/syscalls.o
 .group         0x0000000000000000        0xc ./Src/syscalls.o
 .group         0x0000000000000000        0xc ./Src/syscalls.o
 .group         0x0000000000000000        0xc ./Src/syscalls.o
 .group         0x0000000000000000        0xc ./Src/syscalls.o
 .group         0x0000000000000000        0xc ./Src/syscalls.o
 .group         0x0000000000000000        0xc ./Src/syscalls.o
 .group         0x0000000000000000        0xc ./Src/syscalls.o
 .group         0x0000000000000000        0xc ./Src/syscalls.o
 .group         0x0000000000000000        0xc ./Src/syscalls.o
 .group         0x0000000000000000        0xc ./Src/syscalls.o
 .group         0x0000000000000000        0xc ./Src/syscalls.o
 .group         0x0000000000000000        0xc ./Src/syscalls.o
 .group         0x0000000000000000        0xc ./Src/syscalls.o
 .group         0x0000000000000000        0xc ./Src/syscalls.o
 .group         0x0000000000000000        0xc ./Src/syscalls.o
 .group         0x0000000000000000        0xc ./Src/syscalls.o
 .group         0x0000000000000000        0xc ./Src/syscalls.o
 .group         0x0000000000000000        0xc ./Src/syscalls.o
 .group         0x0000000000000000        0xc ./Src/syscalls.o
 .group         0x0000000000000000        0xc ./Src/syscalls.o
 .group         0x0000000000000000        0xc ./Src/syscalls.o
 .group         0x0000000000000000        0xc ./Src/syscalls.o
 .group         0x0000000000000000        0xc ./Src/syscalls.o
 .group         0x0000000000000000        0xc ./Src/syscalls.o
 .group         0x0000000000000000        0xc ./Src/syscalls.o
 .group         0x0000000000000000        0xc ./Src/syscalls.o
 .group         0x0000000000000000        0xc ./Src/syscalls.o
 .group         0x0000000000000000        0xc ./Src/syscalls.o
 .group         0x0000000000000000        0xc ./Src/syscalls.o
 .group         0x0000000000000000        0xc ./Src/syscalls.o
 .group         0x0000000000000000        0xc ./Src/syscalls.o
 .group         0x0000000000000000        0xc ./Src/syscalls.o
 .group         0x0000000000000000        0xc ./Src/syscalls.o
 .text          0x0000000000000000        0x0 ./Src/syscalls.o
 .data          0x0000000000000000        0x0 ./Src/syscalls.o
 .bss           0x0000000000000000        0x0 ./Src/syscalls.o
 .bss.__env     0x0000000000000000        0x4 ./Src/syscalls.o
 .data.environ  0x0000000000000000        0x4 ./Src/syscalls.o
 .text.initialise_monitor_handles
                0x0000000000000000        0xe ./Src/syscalls.o
 .text._getpid  0x0000000000000000       0x10 ./Src/syscalls.o
 .text._kill    0x0000000000000000       0x20 ./Src/syscalls.o
 .text._exit    0x0000000000000000       0x14 ./Src/syscalls.o
 .text._read    0x0000000000000000       0x3a ./Src/syscalls.o
 .text._write   0x0000000000000000       0x38 ./Src/syscalls.o
 .text._close   0x0000000000000000       0x18 ./Src/syscalls.o
 .text._fstat   0x0000000000000000       0x20 ./Src/syscalls.o
 .text._isatty  0x0000000000000000       0x16 ./Src/syscalls.o
 .text._lseek   0x0000000000000000       0x1a ./Src/syscalls.o
 .text._open    0x0000000000000000       0x1c ./Src/syscalls.o
 .text._wait    0x0000000000000000       0x1e ./Src/syscalls.o
 .text._unlink  0x0000000000000000       0x1e ./Src/syscalls.o
 .text._times   0x0000000000000000       0x18 ./Src/syscalls.o
 .text._stat    0x0000000000000000       0x20 ./Src/syscalls.o
 .text._link    0x0000000000000000       0x20 ./Src/syscalls.o
 .text._fork    0x0000000000000000       0x16 ./Src/syscalls.o
 .text._execve  0x0000000000000000       0x22 ./Src/syscalls.o
 .debug_info    0x0000000000000000      0xfa8 ./Src/syscalls.o
 .debug_abbrev  0x0000000000000000      0x286 ./Src/syscalls.o
 .debug_aranges
                0x0000000000000000       0xa8 ./Src/syscalls.o
 .debug_ranges  0x0000000000000000       0x98 ./Src/syscalls.o
 .debug_macro   0x0000000000000000      0x24c ./Src/syscalls.o
 .debug_macro   0x0000000000000000      0xab4 ./Src/syscalls.o
 .debug_macro   0x0000000000000000       0x22 ./Src/syscalls.o
 .debug_macro   0x0000000000000000       0x4c ./Src/syscalls.o
 .debug_macro   0x0000000000000000       0x18 ./Src/syscalls.o
 .debug_macro   0x0000000000000000       0x94 ./Src/syscalls.o
 .debug_macro   0x0000000000000000       0x3c ./Src/syscalls.o
 .debug_macro   0x0000000000000000       0x34 ./Src/syscalls.o
 .debug_macro   0x0000000000000000       0x57 ./Src/syscalls.o
 .debug_macro   0x0000000000000000      0x174 ./Src/syscalls.o
 .debug_macro   0x0000000000000000      0x339 ./Src/syscalls.o
 .debug_macro   0x0000000000000000       0x16 ./Src/syscalls.o
 .debug_macro   0x0000000000000000       0x43 ./Src/syscalls.o
 .debug_macro   0x0000000000000000       0x34 ./Src/syscalls.o
 .debug_macro   0x0000000000000000       0x10 ./Src/syscalls.o
 .debug_macro   0x0000000000000000       0x58 ./Src/syscalls.o
 .debug_macro   0x0000000000000000       0x71 ./Src/syscalls.o
 .debug_macro   0x0000000000000000       0x1c ./Src/syscalls.o
 .debug_macro   0x0000000000000000      0x12a ./Src/syscalls.o
 .debug_macro   0x0000000000000000       0x10 ./Src/syscalls.o
 .debug_macro   0x0000000000000000       0x35 ./Src/syscalls.o
 .debug_macro   0x0000000000000000       0x10 ./Src/syscalls.o
 .debug_macro   0x0000000000000000       0x10 ./Src/syscalls.o
 .debug_macro   0x0000000000000000       0x10 ./Src/syscalls.o
 .debug_macro   0x0000000000000000       0x6a ./Src/syscalls.o
 .debug_macro   0x0000000000000000       0x1c ./Src/syscalls.o
 .debug_macro   0x0000000000000000       0x52 ./Src/syscalls.o
 .debug_macro   0x0000000000000000       0x22 ./Src/syscalls.o
 .debug_macro   0x0000000000000000       0x10 ./Src/syscalls.o
 .debug_macro   0x0000000000000000       0x40 ./Src/syscalls.o
 .debug_macro   0x0000000000000000       0xd5 ./Src/syscalls.o
 .debug_macro   0x0000000000000000       0x1c ./Src/syscalls.o
 .debug_macro   0x0000000000000000       0x3d ./Src/syscalls.o
 .debug_macro   0x0000000000000000       0x35 ./Src/syscalls.o
 .debug_macro   0x0000000000000000      0x12c ./Src/syscalls.o
 .debug_macro   0x0000000000000000       0x16 ./Src/syscalls.o
 .debug_macro   0x0000000000000000       0x16 ./Src/syscalls.o
 .debug_macro   0x0000000000000000       0x29 ./Src/syscalls.o
 .debug_macro   0x0000000000000000       0x10 ./Src/syscalls.o
 .debug_macro   0x0000000000000000      0x241 ./Src/syscalls.o
 .debug_macro   0x0000000000000000       0x1c ./Src/syscalls.o
 .debug_macro   0x0000000000000000       0x10 ./Src/syscalls.o
 .debug_macro   0x0000000000000000       0x10 ./Src/syscalls.o
 .debug_macro   0x0000000000000000       0x16 ./Src/syscalls.o
 .debug_macro   0x0000000000000000      0x145 ./Src/syscalls.o
 .debug_macro   0x0000000000000000      0x189 ./Src/syscalls.o
 .debug_macro   0x0000000000000000       0x16 ./Src/syscalls.o
 .debug_macro   0x0000000000000000       0xce ./Src/syscalls.o
 .debug_line    0x0000000000000000      0x7fd ./Src/syscalls.o
 .debug_str     0x0000000000000000     0x8ecf ./Src/syscalls.o
 .comment       0x0000000000000000       0x54 ./Src/syscalls.o
 .debug_frame   0x0000000000000000      0x2ac ./Src/syscalls.o
 .ARM.attributes
                0x0000000000000000       0x34 ./Src/syscalls.o
 .group         0x0000000000000000        0xc ./Src/sysmem.o
 .group         0x0000000000000000        0xc ./Src/sysmem.o
 .group         0x0000000000000000        0xc ./Src/sysmem.o
 .group         0x0000000000000000        0xc ./Src/sysmem.o
 .group         0x0000000000000000        0xc ./Src/sysmem.o
 .group         0x0000000000000000        0xc ./Src/sysmem.o
 .group         0x0000000000000000        0xc ./Src/sysmem.o
 .group         0x0000000000000000        0xc ./Src/sysmem.o
 .group         0x0000000000000000        0xc ./Src/sysmem.o
 .group         0x0000000000000000        0xc ./Src/sysmem.o
 .group         0x0000000000000000        0xc ./Src/sysmem.o
 .group         0x0000000000000000        0xc ./Src/sysmem.o
 .group         0x0000000000000000        0xc ./Src/sysmem.o
 .group         0x0000000000000000        0xc ./Src/sysmem.o
 .group         0x0000000000000000        0xc ./Src/sysmem.o
 .group         0x0000000000000000        0xc ./Src/sysmem.o
 .group         0x0000000000000000        0xc ./Src/sysmem.o
 .group         0x0000000000000000        0xc ./Src/sysmem.o
 .group         0x0000000000000000        0xc ./Src/sysmem.o
 .group         0x0000000000000000        0xc ./Src/sysmem.o
 .group         0x0000000000000000        0xc ./Src/sysmem.o
 .group         0x0000000000000000        0xc ./Src/sysmem.o
 .text          0x0000000000000000        0x0 ./Src/sysmem.o
 .data          0x0000000000000000        0x0 ./Src/sysmem.o
 .bss           0x0000000000000000        0x0 ./Src/sysmem.o
 .bss.__sbrk_heap_end
                0x0000000000000000        0x4 ./Src/sysmem.o
 .text._sbrk    0x0000000000000000       0x6c ./Src/sysmem.o
 .debug_info    0x0000000000000000      0xa25 ./Src/sysmem.o
 .debug_abbrev  0x0000000000000000      0x1bf ./Src/sysmem.o
 .debug_aranges
                0x0000000000000000       0x20 ./Src/sysmem.o
 .debug_ranges  0x0000000000000000       0x10 ./Src/sysmem.o
 .debug_macro   0x0000000000000000       0xff ./Src/sysmem.o
 .debug_macro   0x0000000000000000      0xab4 ./Src/sysmem.o
 .debug_macro   0x0000000000000000       0x10 ./Src/sysmem.o
 .debug_macro   0x0000000000000000       0x22 ./Src/sysmem.o
 .debug_macro   0x0000000000000000       0x4c ./Src/sysmem.o
 .debug_macro   0x0000000000000000       0x18 ./Src/sysmem.o
 .debug_macro   0x0000000000000000       0x94 ./Src/sysmem.o
 .debug_macro   0x0000000000000000       0x3c ./Src/sysmem.o
 .debug_macro   0x0000000000000000       0x34 ./Src/sysmem.o
 .debug_macro   0x0000000000000000      0x174 ./Src/sysmem.o
 .debug_macro   0x0000000000000000       0x16 ./Src/sysmem.o
 .debug_macro   0x0000000000000000       0x43 ./Src/sysmem.o
 .debug_macro   0x0000000000000000       0x57 ./Src/sysmem.o
 .debug_macro   0x0000000000000000       0x34 ./Src/sysmem.o
 .debug_macro   0x0000000000000000       0x10 ./Src/sysmem.o
 .debug_macro   0x0000000000000000       0x58 ./Src/sysmem.o
 .debug_macro   0x0000000000000000       0x71 ./Src/sysmem.o
 .debug_macro   0x0000000000000000       0x1c ./Src/sysmem.o
 .debug_macro   0x0000000000000000      0x12a ./Src/sysmem.o
 .debug_macro   0x0000000000000000      0x23b ./Src/sysmem.o
 .debug_macro   0x0000000000000000      0x103 ./Src/sysmem.o
 .debug_macro   0x0000000000000000       0x6a ./Src/sysmem.o
 .debug_macro   0x0000000000000000      0x1df ./Src/sysmem.o
 .debug_line    0x0000000000000000      0x4f3 ./Src/sysmem.o
 .debug_str     0x0000000000000000     0x62a2 ./Src/sysmem.o
 .comment       0x0000000000000000       0x54 ./Src/sysmem.o
 .debug_frame   0x0000000000000000       0x34 ./Src/sysmem.o
 .ARM.attributes
                0x0000000000000000       0x34 ./Src/sysmem.o
 .group         0x0000000000000000        0xc ./Src/system_stm32f4xx.o
 .group         0x0000000000000000        0xc ./Src/system_stm32f4xx.o
 .group         0x0000000000000000        0xc ./Src/system_stm32f4xx.o
 .group         0x0000000000000000        0xc ./Src/system_stm32f4xx.o
 .group         0x0000000000000000        0xc ./Src/system_stm32f4xx.o
 .group         0x0000000000000000        0xc ./Src/system_stm32f4xx.o
 .group         0x0000000000000000        0xc ./Src/system_stm32f4xx.o
 .group         0x0000000000000000        0xc ./Src/system_stm32f4xx.o
 .group         0x0000000000000000        0xc ./Src/system_stm32f4xx.o
 .group         0x0000000000000000        0xc ./Src/system_stm32f4xx.o
 .group         0x0000000000000000        0xc ./Src/system_stm32f4xx.o
 .group         0x0000000000000000        0xc ./Src/system_stm32f4xx.o
 .group         0x0000000000000000        0xc ./Src/system_stm32f4xx.o
 .group         0x0000000000000000        0xc ./Src/system_stm32f4xx.o
 .group         0x0000000000000000        0xc ./Src/system_stm32f4xx.o
 .group         0x0000000000000000        0xc ./Src/system_stm32f4xx.o
 .text          0x0000000000000000        0x0 ./Src/system_stm32f4xx.o
 .data          0x0000000000000000        0x0 ./Src/system_stm32f4xx.o
 .bss           0x0000000000000000        0x0 ./Src/system_stm32f4xx.o
 .rodata.APBPrescTable
                0x0000000000000000        0x8 ./Src/system_stm32f4xx.o
 .debug_macro   0x0000000000000000      0xab4 ./Src/system_stm32f4xx.o
 .debug_macro   0x0000000000000000       0x28 ./Src/system_stm32f4xx.o
 .debug_macro   0x0000000000000000       0x28 ./Src/system_stm32f4xx.o
 .debug_macro   0x0000000000000000       0x22 ./Src/system_stm32f4xx.o
 .debug_macro   0x0000000000000000       0x8e ./Src/system_stm32f4xx.o
 .debug_macro   0x0000000000000000       0x51 ./Src/system_stm32f4xx.o
 .debug_macro   0x0000000000000000      0x103 ./Src/system_stm32f4xx.o
 .debug_macro   0x0000000000000000       0x6a ./Src/system_stm32f4xx.o
 .debug_macro   0x0000000000000000      0x1df ./Src/system_stm32f4xx.o
 .debug_macro   0x0000000000000000       0x1c ./Src/system_stm32f4xx.o
 .debug_macro   0x0000000000000000       0x22 ./Src/system_stm32f4xx.o
 .debug_macro   0x0000000000000000       0xdf ./Src/system_stm32f4xx.o
 .debug_macro   0x0000000000000000     0x102d ./Src/system_stm32f4xx.o
 .debug_macro   0x0000000000000000      0x11f ./Src/system_stm32f4xx.o
 .debug_macro   0x0000000000000000     0xb86c ./Src/system_stm32f4xx.o
 .debug_macro   0x0000000000000000       0x6d ./Src/system_stm32f4xx.o
 .text          0x0000000000000000       0x14 ./Startup/startup_stm32f401retx.o
 .data          0x0000000000000000        0x0 ./Startup/startup_stm32f401retx.o
 .bss           0x0000000000000000        0x0 ./Startup/startup_stm32f401retx.o
 .text          0x0000000000000000        0x0 c:/st/stm32cubeide_1.4.0/stm32cubeide/plugins/com.st.stm32cube.ide.mcu.externaltools.gnu-tools-for-stm32.9-2020-q2-update.win32_2.0.0.202105311346/tools/bin/../lib/gcc/arm-none-eabi/9.3.1/../../../../arm-none-eabi/lib/thumb/v7e-m+fp/hard\libc_nano.a(lib_a-errno.o)
 .data          0x0000000000000000        0x0 c:/st/stm32cubeide_1.4.0/stm32cubeide/plugins/com.st.stm32cube.ide.mcu.externaltools.gnu-tools-for-stm32.9-2020-q2-update.win32_2.0.0.202105311346/tools/bin/../lib/gcc/arm-none-eabi/9.3.1/../../../../arm-none-eabi/lib/thumb/v7e-m+fp/hard\libc_nano.a(lib_a-errno.o)
 .bss           0x0000000000000000        0x0 c:/st/stm32cubeide_1.4.0/stm32cubeide/plugins/com.st.stm32cube.ide.mcu.externaltools.gnu-tools-for-stm32.9-2020-q2-update.win32_2.0.0.202105311346/tools/bin/../lib/gcc/arm-none-eabi/9.3.1/../../../../arm-none-eabi/lib/thumb/v7e-m+fp/hard\libc_nano.a(lib_a-errno.o)
 .text.__errno  0x0000000000000000        0xc c:/st/stm32cubeide_1.4.0/stm32cubeide/plugins/com.st.stm32cube.ide.mcu.externaltools.gnu-tools-for-stm32.9-2020-q2-update.win32_2.0.0.202105311346/tools/bin/../lib/gcc/arm-none-eabi/9.3.1/../../../../arm-none-eabi/lib/thumb/v7e-m+fp/hard\libc_nano.a(lib_a-errno.o)
 .debug_frame   0x0000000000000000       0x20 c:/st/stm32cubeide_1.4.0/stm32cubeide/plugins/com.st.stm32cube.ide.mcu.externaltools.gnu-tools-for-stm32.9-2020-q2-update.win32_2.0.0.202105311346/tools/bin/../lib/gcc/arm-none-eabi/9.3.1/../../../../arm-none-eabi/lib/thumb/v7e-m+fp/hard\libc_nano.a(lib_a-errno.o)
 .ARM.attributes
                0x0000000000000000       0x34 c:/st/stm32cubeide_1.4.0/stm32cubeide/plugins/com.st.stm32cube.ide.mcu.externaltools.gnu-tools-for-stm32.9-2020-q2-update.win32_2.0.0.202105311346/tools/bin/../lib/gcc/arm-none-eabi/9.3.1/../../../../arm-none-eabi/lib/thumb/v7e-m+fp/hard\libc_nano.a(lib_a-errno.o)
 .text          0x0000000000000000        0x0 c:/st/stm32cubeide_1.4.0/stm32cubeide/plugins/com.st.stm32cube.ide.mcu.externaltools.gnu-tools-for-stm32.9-2020-q2-update.win32_2.0.0.202105311346/tools/bin/../lib/gcc/arm-none-eabi/9.3.1/../../../../arm-none-eabi/lib/thumb/v7e-m+fp/hard\libc_nano.a(lib_a-exit.o)
 .data          0x0000000000000000        0x0 c:/st/stm32cubeide_1.4.0/stm32cubeide/plugins/com.st.stm32cube.ide.mcu.externaltools.gnu-tools-for-stm32.9-2020-q2-update.win32_2.0.0.202105311346/tools/bin/../lib/gcc/arm-none-eabi/9.3.1/../../../../arm-none-eabi/lib/thumb/v7e-m+fp/hard\libc_nano.a(lib_a-exit.o)
 .bss           0x0000000000000000        0x0 c:/st/stm32cubeide_1.4.0/stm32cubeide/plugins/com.st.stm32cube.ide.mcu.externaltools.gnu-tools-for-stm32.9-2020-q2-update.win32_2.0.0.202105311346/tools/bin/../lib/gcc/arm-none-eabi/9.3.1/../../../../arm-none-eabi/lib/thumb/v7e-m+fp/hard\libc_nano.a(lib_a-exit.o)
 .text.exit     0x0000000000000000       0x28 c:/st/stm32cubeide_1.4.0/stm32cubeide/plugins/com.st.stm32cube.ide.mcu.externaltools.gnu-tools-for-stm32.9-2020-q2-update.win32_2.0.0.202105311346/tools/bin/../lib/gcc/arm-none-eabi/9.3.1/../../../../arm-none-eabi/lib/thumb/v7e-m+fp/hard\libc_nano.a(lib_a-exit.o)
 .debug_frame   0x0000000000000000       0x28 c:/st/stm32cubeide_1.4.0/stm32cubeide/plugins/com.st.stm32cube.ide.mcu.externaltools.gnu-tools-for-stm32.9-2020-q2-update.win32_2.0.0.202105311346/tools/bin/../lib/gcc/arm-none-eabi/9.3.1/../../../../arm-none-eabi/lib/thumb/v7e-m+fp/hard\libc_nano.a(lib_a-exit.o)
 .ARM.attributes
                0x0000000000000000       0x34 c:/st/stm32cubeide_1.4.0/stm32cubeide/plugins/com.st.stm32cube.ide.mcu.externaltools.gnu-tools-for-stm32.9-2020-q2-update.win32_2.0.0.202105311346/tools/bin/../lib/gcc/arm-none-eabi/9.3.1/../../../../arm-none-eabi/lib/thumb/v7e-m+fp/hard\libc_nano.a(lib_a-exit.o)
 .text          0x0000000000000000        0x0 c:/st/stm32cubeide_1.4.0/stm32cubeide/plugins/com.st.stm32cube.ide.mcu.externaltools.gnu-tools-for-stm32.9-2020-q2-update.win32_2.0.0.202105311346/tools/bin/../lib/gcc/arm-none-eabi/9.3.1/../../../../arm-none-eabi/lib/thumb/v7e-m+fp/hard\libc_nano.a(lib_a-impure.o)
 .data          0x0000000000000000        0x0 c:/st/stm32cubeide_1.4.0/stm32cubeide/plugins/com.st.stm32cube.ide.mcu.externaltools.gnu-tools-for-stm32.9-2020-q2-update.win32_2.0.0.202105311346/tools/bin/../lib/gcc/arm-none-eabi/9.3.1/../../../../arm-none-eabi/lib/thumb/v7e-m+fp/hard\libc_nano.a(lib_a-impure.o)
 .bss           0x0000000000000000        0x0 c:/st/stm32cubeide_1.4.0/stm32cubeide/plugins/com.st.stm32cube.ide.mcu.externaltools.gnu-tools-for-stm32.9-2020-q2-update.win32_2.0.0.202105311346/tools/bin/../lib/gcc/arm-none-eabi/9.3.1/../../../../arm-none-eabi/lib/thumb/v7e-m+fp/hard\libc_nano.a(lib_a-impure.o)
 .data._impure_ptr
                0x0000000000000000        0x4 c:/st/stm32cubeide_1.4.0/stm32cubeide/plugins/com.st.stm32cube.ide.mcu.externaltools.gnu-tools-for-stm32.9-2020-q2-update.win32_2.0.0.202105311346/tools/bin/../lib/gcc/arm-none-eabi/9.3.1/../../../../arm-none-eabi/lib/thumb/v7e-m+fp/hard\libc_nano.a(lib_a-impure.o)
 .data.impure_data
                0x0000000000000000       0x60 c:/st/stm32cubeide_1.4.0/stm32cubeide/plugins/com.st.stm32cube.ide.mcu.externaltools.gnu-tools-for-stm32.9-2020-q2-update.win32_2.0.0.202105311346/tools/bin/../lib/gcc/arm-none-eabi/9.3.1/../../../../arm-none-eabi/lib/thumb/v7e-m+fp/hard\libc_nano.a(lib_a-impure.o)
 .rodata._global_impure_ptr
                0x0000000000000000        0x4 c:/st/stm32cubeide_1.4.0/stm32cubeide/plugins/com.st.stm32cube.ide.mcu.externaltools.gnu-tools-for-stm32.9-2020-q2-update.win32_2.0.0.202105311346/tools/bin/../lib/gcc/arm-none-eabi/9.3.1/../../../../arm-none-eabi/lib/thumb/v7e-m+fp/hard\libc_nano.a(lib_a-impure.o)
 .ARM.attributes
                0x0000000000000000       0x32 c:/st/stm32cubeide_1.4.0/stm32cubeide/plugins/com.st.stm32cube.ide.mcu.externaltools.gnu-tools-for-stm32.9-2020-q2-update.win32_2.0.0.202105311346/tools/bin/../lib/gcc/arm-none-eabi/9.3.1/../../../../arm-none-eabi/lib/thumb/v7e-m+fp/hard\libc_nano.a(lib_a-impure.o)
 .text          0x0000000000000000        0x0 c:/st/stm32cubeide_1.4.0/stm32cubeide/plugins/com.st.stm32cube.ide.mcu.externaltools.gnu-tools-for-stm32.9-2020-q2-update.win32_2.0.0.202105311346/tools/bin/../lib/gcc/arm-none-eabi/9.3.1/../../../../arm-none-eabi/lib/thumb/v7e-m+fp/hard\libc_nano.a(lib_a-init.o)
 .data          0x0000000000000000        0x0 c:/st/stm32cubeide_1.4.0/stm32cubeide/plugins/com.st.stm32cube.ide.mcu.externaltools.gnu-tools-for-stm32.9-2020-q2-update.win32_2.0.0.202105311346/tools/bin/../lib/gcc/arm-none-eabi/9.3.1/../../../../arm-none-eabi/lib/thumb/v7e-m+fp/hard\libc_nano.a(lib_a-init.o)
 .bss           0x0000000000000000        0x0 c:/st/stm32cubeide_1.4.0/stm32cubeide/plugins/com.st.stm32cube.ide.mcu.externaltools.gnu-tools-for-stm32.9-2020-q2-update.win32_2.0.0.202105311346/tools/bin/../lib/gcc/arm-none-eabi/9.3.1/../../../../arm-none-eabi/lib/thumb/v7e-m+fp/hard\libc_nano.a(lib_a-init.o)
 .text          0x0000000000000000        0x0 c:/st/stm32cubeide_1.4.0/stm32cubeide/plugins/com.st.stm32cube.ide.mcu.externaltools.gnu-tools-for-stm32.9-2020-q2-update.win32_2.0.0.202105311346/tools/bin/../lib/gcc/arm-none-eabi/9.3.1/../../../../arm-none-eabi/lib/thumb/v7e-m+fp/hard\libc_nano.a(lib_a-memset.o)
 .data          0x0000000000000000        0x0 c:/st/stm32cubeide_1.4.0/stm32cubeide/plugins/com.st.stm32cube.ide.mcu.externaltools.gnu-tools-for-stm32.9-2020-q2-update.win32_2.0.0.202105311346/tools/bin/../lib/gcc/arm-none-eabi/9.3.1/../../../../arm-none-eabi/lib/thumb/v7e-m+fp/hard\libc_nano.a(lib_a-memset.o)
 .bss           0x0000000000000000        0x0 c:/st/stm32cubeide_1.4.0/stm32cubeide/plugins/com.st.stm32cube.ide.mcu.externaltools.gnu-tools-for-stm32.9-2020-q2-update.win32_2.0.0.202105311346/tools/bin/../lib/gcc/arm-none-eabi/9.3.1/../../../../arm-none-eabi/lib/thumb/v7e-m+fp/hard\libc_nano.a(lib_a-memset.o)
 .text.memset   0x0000000000000000       0x10 c:/st/stm32cubeide_1.4.0/stm32cubeide/plugins/com.st.stm32cube.ide.mcu.externaltools.gnu-tools-for-stm32.9-2020-q2-update.win32_2.0.0.202105311346/tools/bin/../lib/gcc/arm-none-eabi/9.3.1/../../../../arm-none-eabi/lib/thumb/v7e-m+fp/hard\libc_nano.a(lib_a-memset.o)
 .debug_frame   0x0000000000000000       0x20 c:/st/stm32cubeide_1.4.0/stm32cubeide/plugins/com.st.stm32cube.ide.mcu.externaltools.gnu-tools-for-stm32.9-2020-q2-update.win32_2.0.0.202105311346/tools/bin/../lib/gcc/arm-none-eabi/9.3.1/../../../../arm-none-eabi/lib/thumb/v7e-m+fp/hard\libc_nano.a(lib_a-memset.o)
 .ARM.attributes
                0x0000000000000000       0x34 c:/st/stm32cubeide_1.4.0/stm32cubeide/plugins/com.st.stm32cube.ide.mcu.externaltools.gnu-tools-for-stm32.9-2020-q2-update.win32_2.0.0.202105311346/tools/bin/../lib/gcc/arm-none-eabi/9.3.1/../../../../arm-none-eabi/lib/thumb/v7e-m+fp/hard\libc_nano.a(lib_a-memset.o)
 .data          0x0000000000000000        0x0 c:/st/stm32cubeide_1.4.0/stm32cubeide/plugins/com.st.stm32cube.ide.mcu.externaltools.gnu-tools-for-stm32.9-2020-q2-update.win32_2.0.0.202105311346/tools/bin/../lib/gcc/arm-none-eabi/9.3.1/thumb/v7e-m+fp/hard\libgcc.a(_aeabi_uldivmod.o)
 .bss           0x0000000000000000        0x0 c:/st/stm32cubeide_1.4.0/stm32cubeide/plugins/com.st.stm32cube.ide.mcu.externaltools.gnu-tools-for-stm32.9-2020-q2-update.win32_2.0.0.202105311346/tools/bin/../lib/gcc/arm-none-eabi/9.3.1/thumb/v7e-m+fp/hard\libgcc.a(_aeabi_uldivmod.o)
 .data          0x0000000000000000        0x0 c:/st/stm32cubeide_1.4.0/stm32cubeide/plugins/com.st.stm32cube.ide.mcu.externaltools.gnu-tools-for-stm32.9-2020-q2-update.win32_2.0.0.202105311346/tools/bin/../lib/gcc/arm-none-eabi/9.3.1/thumb/v7e-m+fp/hard\libgcc.a(_udivmoddi4.o)
 .bss           0x0000000000000000        0x0 c:/st/stm32cubeide_1.4.0/stm32cubeide/plugins/com.st.stm32cube.ide.mcu.externaltools.gnu-tools-for-stm32.9-2020-q2-update.win32_2.0.0.202105311346/tools/bin/../lib/gcc/arm-none-eabi/9.3.1/thumb/v7e-m+fp/hard\libgcc.a(_udivmoddi4.o)
 .ARM.extab     0x0000000000000000        0x0 c:/st/stm32cubeide_1.4.0/stm32cubeide/plugins/com.st.stm32cube.ide.mcu.externaltools.gnu-tools-for-stm32.9-2020-q2-update.win32_2.0.0.202105311346/tools/bin/../lib/gcc/arm-none-eabi/9.3.1/thumb/v7e-m+fp/hard\libgcc.a(_udivmoddi4.o)
 .data          0x0000000000000000        0x0 c:/st/stm32cubeide_1.4.0/stm32cubeide/plugins/com.st.stm32cube.ide.mcu.externaltools.gnu-tools-for-stm32.9-2020-q2-update.win32_2.0.0.202105311346/tools/bin/../lib/gcc/arm-none-eabi/9.3.1/thumb/v7e-m+fp/hard\libgcc.a(_dvmd_tls.o)
 .bss           0x0000000000000000        0x0 c:/st/stm32cubeide_1.4.0/stm32cubeide/plugins/com.st.stm32cube.ide.mcu.externaltools.gnu-tools-for-stm32.9-2020-q2-update.win32_2.0.0.202105311346/tools/bin/../lib/gcc/arm-none-eabi/9.3.1/thumb/v7e-m+fp/hard\libgcc.a(_dvmd_tls.o)
 .text          0x0000000000000000        0x0 c:/st/stm32cubeide_1.4.0/stm32cubeide/plugins/com.st.stm32cube.ide.mcu.externaltools.gnu-tools-for-stm32.9-2020-q2-update.win32_2.0.0.202105311346/tools/bin/../lib/gcc/arm-none-eabi/9.3.1/thumb/v7e-m+fp/hard/crtend.o
 .data          0x0000000000000000        0x0 c:/st/stm32cubeide_1.4.0/stm32cubeide/plugins/com.st.stm32cube.ide.mcu.externaltools.gnu-tools-for-stm32.9-2020-q2-update.win32_2.0.0.202105311346/tools/bin/../lib/gcc/arm-none-eabi/9.3.1/thumb/v7e-m+fp/hard/crtend.o
 .bss           0x0000000000000000        0x0 c:/st/stm32cubeide_1.4.0/stm32cubeide/plugins/com.st.stm32cube.ide.mcu.externaltools.gnu-tools-for-stm32.9-2020-q2-update.win32_2.0.0.202105311346/tools/bin/../lib/gcc/arm-none-eabi/9.3.1/thumb/v7e-m+fp/hard/crtend.o
 .eh_frame      0x0000000000000000        0x4 c:/st/stm32cubeide_1.4.0/stm32cubeide/plugins/com.st.stm32cube.ide.mcu.externaltools.gnu-tools-for-stm32.9-2020-q2-update.win32_2.0.0.202105311346/tools/bin/../lib/gcc/arm-none-eabi/9.3.1/thumb/v7e-m+fp/hard/crtend.o
 .ARM.attributes
                0x0000000000000000       0x32 c:/st/stm32cubeide_1.4.0/stm32cubeide/plugins/com.st.stm32cube.ide.mcu.externaltools.gnu-tools-for-stm32.9-2020-q2-update.win32_2.0.0.202105311346/tools/bin/../lib/gcc/arm-none-eabi/9.3.1/thumb/v7e-m+fp/hard/crtend.o
 .text          0x0000000000000000        0x0 c:/st/stm32cubeide_1.4.0/stm32cubeide/plugins/com.st.stm32cube.ide.mcu.externaltools.gnu-tools-for-stm32.9-2020-q2-update.win32_2.0.0.202105311346/tools/bin/../lib/gcc/arm-none-eabi/9.3.1/thumb/v7e-m+fp/hard/crtn.o
 .data          0x0000000000000000        0x0 c:/st/stm32cubeide_1.4.0/stm32cubeide/plugins/com.st.stm32cube.ide.mcu.externaltools.gnu-tools-for-stm32.9-2020-q2-update.win32_2.0.0.202105311346/tools/bin/../lib/gcc/arm-none-eabi/9.3.1/thumb/v7e-m+fp/hard/crtn.o
 .bss           0x0000000000000000        0x0 c:/st/stm32cubeide_1.4.0/stm32cubeide/plugins/com.st.stm32cube.ide.mcu.externaltools.gnu-tools-for-stm32.9-2020-q2-update.win32_2.0.0.202105311346/tools/bin/../lib/gcc/arm-none-eabi/9.3.1/thumb/v7e-m+fp/hard/crtn.o

Memory Configuration

Name             Origin             Length             Attributes
RAM              0x0000000020000000 0x0000000000018000 xrw
FLASH            0x0000000008000000 0x0000000000080000 xr
*default*        0x0000000000000000 0xffffffffffffffff

Linker script and memory map

LOAD c:/st/stm32cubeide_1.4.0/stm32cubeide/plugins/com.st.stm32cube.ide.mcu.externaltools.gnu-tools-for-stm32.9-2020-q2-update.win32_2.0.0.202105311346/tools/bin/../lib/gcc/arm-none-eabi/9.3.1/thumb/v7e-m+fp/hard/crti.o
LOAD c:/st/stm32cubeide_1.4.0/stm32cubeide/plugins/com.st.stm32cube.ide.mcu.externaltools.gnu-tools-for-stm32.9-2020-q2-update.win32_2.0.0.202105311346/tools/bin/../lib/gcc/arm-none-eabi/9.3.1/thumb/v7e-m+fp/hard/crtbegin.o
LOAD c:/st/stm32cubeide_1.4.0/stm32cubeide/plugins/com.st.stm32cube.ide.mcu.externaltools.gnu-tools-for-stm32.9-2020-q2-update.win32_2.0.0.202105311346/tools/bin/../lib/gcc/arm-none-eabi/9.3.1/../../../../arm-none-eabi/lib/thumb/v7e-m+fp/hard/crt0.o
LOAD ./Src/USART.o
LOAD ./Src/main_cmd.o
LOAD ./Src/stm32f4xx_it.o
LOAD ./Src/syscalls.o
LOAD ./Src/sysmem.o
LOAD ./Src/system_stm32f4xx.o
LOAD ./Startup/startup_stm32f401retx.o
START GROUP
LOAD c:/st/stm32cubeide_1.4.0/stm32cubeide/plugins/com.st.stm32cube.ide.mcu.externaltools.gnu-tools-for-stm32.9-2020-q2-update.win32_2.0.0.202105311346/tools/bin/../lib/gcc/arm-none-eabi/9.3.1/../../../../arm-none-eabi/lib/thumb/v7e-m+fp/hard\libc_nano.a
LOAD c:/st/stm32cubeide_1.4.0/stm32cubeide/plugins/com.st.stm32cube.ide.mcu.externaltools.gnu-tools-for-stm32.9-2020-q2-update.win32_2.0.0.202105311346/tools/bin/../lib/gcc/arm-none-eabi/9.3.1/../../../../arm-none-eabi/lib/thumb/v7e-m+fp/hard\libm.a
END GROUP
START GROUP
LOAD c:/st/stm32cubeide_1.4.0/stm32cubeide/plugins/com.st.stm32cube.ide.mcu.externaltools.gnu-tools-for-stm32.9-2020-q2-update.win32_2.0.0.202105311346/tools/bin/../lib/gcc/arm-none-eabi/9.3.1/thumb/v7e-m+fp/hard\libgcc.a
LOAD c:/st/stm32cubeide_1.4.0/stm32cubeide/plugins/com.st.stm32cube.ide.mcu.externaltools.gnu-tools-for-stm32.9-2020-q2-update.win32_2.0.0.202105311346/tools/bin/../lib/gcc/arm-none-eabi/9.3.1/../../../../arm-none-eabi/lib/thumb/v7e-m+fp/hard\libc_nano.a
END GROUP
START GROUP
LOAD c:/st/stm32cubeide_1.4.0/stm32cubeide/plugins/com.st.stm32cube.ide.mcu.externaltools.gnu-tools-for-stm32.9-2020-q2-update.win32_2.0.0.202105311346/tools/bin/../lib/gcc/arm-none-eabi/9.3.1/thumb/v7e-m+fp/hard\libgcc.a
LOAD c:/st/stm32cubeide_1.4.0/stm32cubeide/plugins/com.st.stm32cube.ide.mcu.externaltools.gnu-tools-for-stm32.9-2020-q2-update.win32_2.0.0.202105311346/tools/bin/../lib/gcc/arm-none-eabi/9.3.1/../../../../arm-none-eabi/lib/thumb/v7e-m+fp/hard\libc_nano.a
LOAD c:/st/stm32cubeide_1.4.0/stm32cubeide/plugins/com.st.stm32cube.ide.mcu.externaltools.gnu-tools-for-stm32.9-2020-q2-update.win32_2.0.0.202105311346/tools/bin/../lib/gcc/arm-none-eabi/9.3.1/../../../../arm-none-eabi/lib/thumb/v7e-m+fp/hard\libnosys.a
END GROUP
START GROUP
LOAD c:/st/stm32cubeide_1.4.0/stm32cubeide/plugins/com.st.stm32cube.ide.mcu.externaltools.gnu-tools-for-stm32.9-2020-q2-update.win32_2.0.0.202105311346/tools/bin/../lib/gcc/arm-none-eabi/9.3.1/thumb/v7e-m+fp/hard\libgcc.a
LOAD c:/st/stm32cubeide_1.4.0/stm32cubeide/plugins/com.st.stm32cube.ide.mcu.externaltools.gnu-tools-for-stm32.9-2020-q2-update.win32_2.0.0.202105311346/tools/bin/../lib/gcc/arm-none-eabi/9.3.1/../../../../arm-none-eabi/lib/thumb/v7e-m+fp/hard\libc_nano.a
LOAD c:/st/stm32cubeide_1.4.0/stm32cubeide/plugins/com.st.stm32cube.ide.mcu.externaltools.gnu-tools-for-stm32.9-2020-q2-update.win32_2.0.0.202105311346/tools/bin/../lib/gcc/arm-none-eabi/9.3.1/../../../../arm-none-eabi/lib/thumb/v7e-m+fp/hard\libnosys.a
END GROUP
LOAD c:/st/stm32cubeide_1.4.0/stm32cubeide/plugins/com.st.stm32cube.ide.mcu.externaltools.gnu-tools-for-stm32.9-2020-q2-update.win32_2.0.0.202105311346/tools/bin/../lib/gcc/arm-none-eabi/9.3.1/thumb/v7e-m+fp/hard/crtend.o
LOAD c:/st/stm32cubeide_1.4.0/stm32cubeide/plugins/com.st.stm32cube.ide.mcu.externaltools.gnu-tools-for-stm32.9-2020-q2-update.win32_2.0.0.202105311346/tools/bin/../lib/gcc/arm-none-eabi/9.3.1/thumb/v7e-m+fp/hard/crtn.o
                0x0000000020018000                _estack = (ORIGIN (RAM) + LENGTH (RAM))
                0x0000000000000200                _Min_Heap_Size = 0x200
                0x0000000000000400                _Min_Stack_Size = 0x400

.isr_vector     0x0000000008000000      0x194
                0x0000000008000000                . = ALIGN (0x4)
 *(.isr_vector)
 .isr_vector    0x0000000008000000      0x194 ./Startup/startup_stm32f401retx.o
                0x0000000008000000                g_pfnVectors
                0x0000000008000194                . = ALIGN (0x4)

.text           0x0000000008000194     0x1298
                0x0000000008000194                . = ALIGN (0x4)
 *(.text)
 .text          0x0000000008000194       0x40 c:/st/stm32cubeide_1.4.0/stm32cubeide/plugins/com.st.stm32cube.ide.mcu.externaltools.gnu-tools-for-stm32.9-2020-q2-update.win32_2.0.0.202105311346/tools/bin/../lib/gcc/arm-none-eabi/9.3.1/thumb/v7e-m+fp/hard/crtbegin.o
 .text          0x00000000080001d4       0x30 c:/st/stm32cubeide_1.4.0/stm32cubeide/plugins/com.st.stm32cube.ide.mcu.externaltools.gnu-tools-for-stm32.9-2020-q2-update.win32_2.0.0.202105311346/tools/bin/../lib/gcc/arm-none-eabi/9.3.1/thumb/v7e-m+fp/hard\libgcc.a(_aeabi_uldivmod.o)
                0x00000000080001d4                __aeabi_uldivmod
 .text          0x0000000008000204      0x2c4 c:/st/stm32cubeide_1.4.0/stm32cubeide/plugins/com.st.stm32cube.ide.mcu.externaltools.gnu-tools-for-stm32.9-2020-q2-update.win32_2.0.0.202105311346/tools/bin/../lib/gcc/arm-none-eabi/9.3.1/thumb/v7e-m+fp/hard\libgcc.a(_udivmoddi4.o)
                0x0000000008000204                __udivmoddi4
 .text          0x00000000080004c8        0x4 c:/st/stm32cubeide_1.4.0/stm32cubeide/plugins/com.st.stm32cube.ide.mcu.externaltools.gnu-tools-for-stm32.9-2020-q2-update.win32_2.0.0.202105311346/tools/bin/../lib/gcc/arm-none-eabi/9.3.1/thumb/v7e-m+fp/hard\libgcc.a(_dvmd_tls.o)
                0x00000000080004c8                __aeabi_idiv0
                0x00000000080004c8                __aeabi_ldiv0
 *(.text*)
 .text.__NVIC_EnableIRQ
                0x00000000080004cc       0x3c ./Src/USART.o
 .text.__NVIC_DisableIRQ
                0x0000000008000508       0x48 ./Src/USART.o
 .text.__NVIC_SetPriority
                0x0000000008000550       0x54 ./Src/USART.o
 .text.USART1_PinoutConfig
                0x00000000080005a4       0x78 ./Src/USART.o
 .text.USART2_PinoutConfig
                0x000000000800061c       0x9c ./Src/USART.o
 .text.USART_Init
                0x00000000080006b8      0x218 ./Src/USART.o
                0x00000000080006b8                USART_Init
 .text.USART_IRQInterruptConfig
                0x00000000080008d0       0x34 ./Src/USART.o
                0x00000000080008d0                USART_IRQInterruptConfig
 .text.USART_IRQPriorityConfig
                0x0000000008000904       0x20 ./Src/USART.o
                0x0000000008000904                USART_IRQPriorityConfig
 .text.USART_IRQHandling
                0x0000000008000924      0x368 ./Src/USART.o
                0x0000000008000924                USART_IRQHandling
 .text.main     0x0000000008000c8c      0x144 ./Src/main_cmd.o
                0x0000000008000c8c                main
 .text.PLL_Config
                0x0000000008000dd0       0xd0 ./Src/main_cmd.o
                0x0000000008000dd0                PLL_Config
 .text.HSE_Config
                0x0000000008000ea0       0x40 ./Src/main_cmd.o
                0x0000000008000ea0                HSE_Config
 .text.flash_cofig
                0x0000000008000ee0       0x54 ./Src/main_cmd.o
                0x0000000008000ee0                flash_cofig
 .text.SPI1_GPIOInit
                0x0000000008000f34       0x58 ./Src/main_cmd.o
                0x0000000008000f34                SPI1_GPIOInit
 .text.SPI_Init
                0x0000000008000f8c       0xc4 ./Src/main_cmd.o
                0x0000000008000f8c                SPI_Init
 .text.SPI_SendData
                0x0000000008001050       0x76 ./Src/main_cmd.o
                0x0000000008001050                SPI_SendData
 .text.SPI_ReceiveData
                0x00000000080010c6       0x76 ./Src/main_cmd.o
                0x00000000080010c6                SPI_ReceiveData
 .text.delay_ms
                0x000000000800113c       0x74 ./Src/main_cmd.o
                0x000000000800113c                delay_ms
 .text.USART_ApplicationEventCallback
                0x00000000080011b0       0x18 ./Src/main_cmd.o
                0x00000000080011b0                USART_ApplicationEventCallback
 .text.SPI_VerifyResponse
                0x00000000080011c8       0x22 ./Src/main_cmd.o
                0x00000000080011c8                SPI_VerifyResponse
 .text.NMI_Handler
                0x00000000080011ea        0x6 ./Src/stm32f4xx_it.o
                0x00000000080011ea                NMI_Handler
 .text.HardFault_Handler
                0x00000000080011f0        0x6 ./Src/stm32f4xx_it.o
                0x00000000080011f0                HardFault_Handler
 .text.MemManage_Handler
                0x00000000080011f6        0x6 ./Src/stm32f4xx_it.o
                0x00000000080011f6                MemManage_Handler
 .text.BusFault_Handler
                0x00000000080011fc        0x6 ./Src/stm32f4xx_it.o
                0x00000000080011fc                BusFault_Handler
 .text.UsageFault_Handler
                0x0000000008001202        0x6 ./Src/stm32f4xx_it.o
                0x0000000008001202                UsageFault_Handler
 .text.SVC_Handler
                0x0000000008001208        0xe ./Src/stm32f4xx_it.o
                0x0000000008001208                SVC_Handler
 .text.DebugMon_Handler
                0x0000000008001216        0xe ./Src/stm32f4xx_it.o
                0x0000000008001216                DebugMon_Handler
 .text.PendSV_Handler
                0x0000000008001224        0xe ./Src/stm32f4xx_it.o
                0x0000000008001224                PendSV_Handler
 .text.SysTick_Handler
                0x0000000008001232        0xe ./Src/stm32f4xx_it.o
                0x0000000008001232                SysTick_Handler
 .text.USART2_IRQHandler
                0x0000000008001240       0x14 ./Src/stm32f4xx_it.o
                0x0000000008001240                USART2_IRQHandler
 .text.SystemInit
                0x0000000008001254       0x24 ./Src/system_stm32f4xx.o
                0x0000000008001254                SystemInit
 .text.SystemCoreClockUpdate
                0x0000000008001278      0x100 ./Src/system_stm32f4xx.o
                0x0000000008001278                SystemCoreClockUpdate
 .text.Reset_Handler
                0x0000000008001378       0x50 ./Startup/startup_stm32f401retx.o
                0x0000000008001378                Reset_Handler
 .text.Default_Handler
                0x00000000080013c8        0x2 ./Startup/startup_stm32f401retx.o
                0x00000000080013c8                EXTI2_IRQHandler
                0x00000000080013c8                SPI4_IRQHandler
                0x00000000080013c8                TIM1_CC_IRQHandler
                0x00000000080013c8                SDIO_IRQHandler
                0x00000000080013c8                TAMP_STAMP_IRQHandler
                0x00000000080013c8                EXTI3_IRQHandler
                0x00000000080013c8                TIM1_UP_TIM10_IRQHandler
                0x00000000080013c8                I2C3_ER_IRQHandler
                0x00000000080013c8                EXTI18_OTG_FS_WKUP_IRQHandler
                0x00000000080013c8                EXTI0_IRQHandler
                0x00000000080013c8                I2C2_EV_IRQHandler
                0x00000000080013c8                FPU_IRQHandler
                0x00000000080013c8                SPI1_IRQHandler
                0x00000000080013c8                TIM1_BRK_TIM9_IRQHandler
                0x00000000080013c8                USART6_IRQHandler
                0x00000000080013c8                TIM4_IRQHandler
                0x00000000080013c8                I2C1_EV_IRQHandler
                0x00000000080013c8                TIM3_IRQHandler
                0x00000000080013c8                RCC_IRQHandler
                0x00000000080013c8                Default_Handler
                0x00000000080013c8                EXTI15_10_IRQHandler
                0x00000000080013c8                ADC_IRQHandler
                0x00000000080013c8                TIM5_IRQHandler
                0x00000000080013c8                I2C3_EV_IRQHandler
                0x00000000080013c8                EXTI9_5_IRQHandler
                0x00000000080013c8                SPI2_IRQHandler
                0x00000000080013c8                EXTI4_IRQHandler
                0x00000000080013c8                EXTI22_RTC_WKUP_IRQHandler
                0x00000000080013c8                TIM2_IRQHandler
                0x00000000080013c8                EXTI16_PVD_IRQHandler
                0x00000000080013c8                TIM1_TRG_COM_TIM11_IRQHandler
                0x00000000080013c8                EXTI1_IRQHandler
                0x00000000080013c8                EXTI17_RTC_Alarm_IRQHandler
                0x00000000080013c8                I2C2_ER_IRQHandler
                0x00000000080013c8                FLASH_IRQHandler
                0x00000000080013c8                USART1_IRQHandler
                0x00000000080013c8                OTG_FS_IRQHandler
                0x00000000080013c8                SPI3_IRQHandler
                0x00000000080013c8                I2C1_ER_IRQHandler
 *fill*         0x00000000080013ca        0x2 
 .text.__libc_init_array
                0x00000000080013cc       0x48 c:/st/stm32cubeide_1.4.0/stm32cubeide/plugins/com.st.stm32cube.ide.mcu.externaltools.gnu-tools-for-stm32.9-2020-q2-update.win32_2.0.0.202105311346/tools/bin/../lib/gcc/arm-none-eabi/9.3.1/../../../../arm-none-eabi/lib/thumb/v7e-m+fp/hard\libc_nano.a(lib_a-init.o)
                0x00000000080013cc                __libc_init_array
 *(.glue_7)
 .glue_7        0x0000000008001414        0x0 linker stubs
 *(.glue_7t)
 .glue_7t       0x0000000008001414        0x0 linker stubs
 *(.eh_frame)
 .eh_frame      0x0000000008001414        0x0 c:/st/stm32cubeide_1.4.0/stm32cubeide/plugins/com.st.stm32cube.ide.mcu.externaltools.gnu-tools-for-stm32.9-2020-q2-update.win32_2.0.0.202105311346/tools/bin/../lib/gcc/arm-none-eabi/9.3.1/thumb/v7e-m+fp/hard/crtbegin.o
 *(.init)
 .init          0x0000000008001414        0x4 c:/st/stm32cubeide_1.4.0/stm32cubeide/plugins/com.st.stm32cube.ide.mcu.externaltools.gnu-tools-for-stm32.9-2020-q2-update.win32_2.0.0.202105311346/tools/bin/../lib/gcc/arm-none-eabi/9.3.1/thumb/v7e-m+fp/hard/crti.o
                0x0000000008001414                _init
 .init          0x0000000008001418        0x8 c:/st/stm32cubeide_1.4.0/stm32cubeide/plugins/com.st.stm32cube.ide.mcu.externaltools.gnu-tools-for-stm32.9-2020-q2-update.win32_2.0.0.202105311346/tools/bin/../lib/gcc/arm-none-eabi/9.3.1/thumb/v7e-m+fp/hard/crtn.o
 *(.fini)
 .fini          0x0000000008001420        0x4 c:/st/stm32cubeide_1.4.0/stm32cubeide/plugins/com.st.stm32cube.ide.mcu.externaltools.gnu-tools-for-stm32.9-2020-q2-update.win32_2.0.0.202105311346/tools/bin/../lib/gcc/arm-none-eabi/9.3.1/thumb/v7e-m+fp/hard/crti.o
                0x0000000008001420                _fini
 .fini          0x0000000008001424        0x8 c:/st/stm32cubeide_1.4.0/stm32cubeide/plugins/com.st.stm32cube.ide.mcu.externaltools.gnu-tools-for-stm32.9-2020-q2-update.win32_2.0.0.202105311346/tools/bin/../lib/gcc/arm-none-eabi/9.3.1/thumb/v7e-m+fp/hard/crtn.o
                0x000000000800142c                . = ALIGN (0x4)
                0x000000000800142c                _etext = .

.vfp11_veneer   0x000000000800142c        0x0
 .vfp11_veneer  0x000000000800142c        0x0 linker stubs

.v4_bx          0x000000000800142c        0x0
 .v4_bx         0x000000000800142c        0x0 linker stubs

.iplt           0x000000000800142c        0x0
 .iplt          0x000000000800142c        0x0 c:/st/stm32cubeide_1.4.0/stm32cubeide/plugins/com.st.stm32cube.ide.mcu.externaltools.gnu-tools-for-stm32.9-2020-q2-update.win32_2.0.0.202105311346/tools/bin/../lib/gcc/arm-none-eabi/9.3.1/thumb/v7e-m+fp/hard/crtbegin.o

.rodata         0x000000000800142c       0x10
                0x000000000800142c                . = ALIGN (0x4)
 *(.rodata)
 *(.rodata*)
 .rodata.AHBPrescTable
                0x000000000800142c       0x10 ./Src/system_stm32f4xx.o
                0x000000000800142c                AHBPrescTable
                0x000000000800143c                . = ALIGN (0x4)

.ARM.extab      0x000000000800143c        0x0
                0x000000000800143c                . = ALIGN (0x4)
 *(.ARM.extab* .gnu.linkonce.armextab.*)
                0x000000000800143c                . = ALIGN (0x4)

.ARM            0x000000000800143c        0x8
                0x000000000800143c                . = ALIGN (0x4)
                0x000000000800143c                __exidx_start = .
 *(.ARM.exidx*)
 .ARM.exidx     0x000000000800143c        0x8 c:/st/stm32cubeide_1.4.0/stm32cubeide/plugins/com.st.stm32cube.ide.mcu.externaltools.gnu-tools-for-stm32.9-2020-q2-update.win32_2.0.0.202105311346/tools/bin/../lib/gcc/arm-none-eabi/9.3.1/thumb/v7e-m+fp/hard\libgcc.a(_udivmoddi4.o)
                0x0000000008001444                __exidx_end = .
                0x0000000008001444                . = ALIGN (0x4)

.rel.dyn        0x0000000008001444        0x0
 .rel.iplt      0x0000000008001444        0x0 c:/st/stm32cubeide_1.4.0/stm32cubeide/plugins/com.st.stm32cube.ide.mcu.externaltools.gnu-tools-for-stm32.9-2020-q2-update.win32_2.0.0.202105311346/tools/bin/../lib/gcc/arm-none-eabi/9.3.1/thumb/v7e-m+fp/hard/crtbegin.o

.preinit_array  0x0000000008001444        0x0
                0x0000000008001444                . = ALIGN (0x4)
                0x0000000008001444                PROVIDE (__preinit_array_start = .)
 *(.preinit_array*)
                0x0000000008001444                PROVIDE (__preinit_array_end = .)
                0x0000000008001444                . = ALIGN (0x4)

.init_array     0x0000000008001444        0x4
                0x0000000008001444                . = ALIGN (0x4)
                0x0000000008001444                PROVIDE (__init_array_start = .)
 *(SORT_BY_NAME(.init_array.*))
 *(.init_array*)
 .init_array    0x0000000008001444        0x4 c:/st/stm32cubeide_1.4.0/stm32cubeide/plugins/com.st.stm32cube.ide.mcu.externaltools.gnu-tools-for-stm32.9-2020-q2-update.win32_2.0.0.202105311346/tools/bin/../lib/gcc/arm-none-eabi/9.3.1/thumb/v7e-m+fp/hard/crtbegin.o
                0x0000000008001448                PROVIDE (__init_array_end = .)
                0x0000000008001448                . = ALIGN (0x4)

.fini_array     0x0000000008001448        0x4
                0x0000000008001448                . = ALIGN (0x4)
                [!provide]                        PROVIDE (__fini_array_start = .)
 *(SORT_BY_NAME(.fini_array.*))
 *(.fini_array*)
 .fini_array    0x0000000008001448        0x4 c:/st/stm32cubeide_1.4.0/stm32cubeide/plugins/com.st.stm32cube.ide.mcu.externaltools.gnu-tools-for-stm32.9-2020-q2-update.win32_2.0.0.202105311346/tools/bin/../lib/gcc/arm-none-eabi/9.3.1/thumb/v7e-m+fp/hard/crtbegin.o
                [!provide]                        PROVIDE (__fini_array_end = .)
                0x000000000800144c                . = ALIGN (0x4)
                0x000000000800144c                _sidata = LOADADDR (.data)

.data           0x0000000020000000        0x8 load address 0x000000000800144c
                0x0000000020000000                . = ALIGN (0x4)
                0x0000000020000000                _sdata = .
 *(.data)
 *(.data*)
 .data.commandcode
                0x0000000020000000        0x1 ./Src/main_cmd.o
                0x0000000020000000                commandcode
 .data.dummy_write
                0x0000000020000001        0x1 ./Src/main_cmd.o
                0x0000000020000001                dummy_write
 *fill*         0x0000000020000002        0x2 
 .data.SystemCoreClock
                0x0000000020000004        0x4 ./Src/system_stm32f4xx.o
                0x0000000020000004                SystemCoreClock
 *(.RamFunc)
 *(.RamFunc*)
                0x0000000020000008                . = ALIGN (0x4)
                0x0000000020000008                _edata = .

.igot.plt       0x0000000020000008        0x0 load address 0x0000000008001454
 .igot.plt      0x0000000020000008        0x0 c:/st/stm32cubeide_1.4.0/stm32cubeide/plugins/com.st.stm32cube.ide.mcu.externaltools.gnu-tools-for-stm32.9-2020-q2-update.win32_2.0.0.202105311346/tools/bin/../lib/gcc/arm-none-eabi/9.3.1/thumb/v7e-m+fp/hard/crtbegin.o
                0x0000000020000008                . = ALIGN (0x4)

.bss            0x0000000020000008       0x38 load address 0x0000000008001454
                0x0000000020000008                _sbss = .
                0x0000000020000008                __bss_start__ = _sbss
 *(.bss)
 .bss           0x0000000020000008       0x1c c:/st/stm32cubeide_1.4.0/stm32cubeide/plugins/com.st.stm32cube.ide.mcu.externaltools.gnu-tools-for-stm32.9-2020-q2-update.win32_2.0.0.202105311346/tools/bin/../lib/gcc/arm-none-eabi/9.3.1/thumb/v7e-m+fp/hard/crtbegin.o
 *(.bss*)
 *(COMMON)
 COMMON         0x0000000020000024       0x1c ./Src/main_cmd.o
                0x0000000020000024                args
                0x0000000020000026                ackbyte
                0x0000000020000027                dummy_read
                0x0000000020000028                usart2_handle
                0x0000000020000040                . = ALIGN (0x4)
                0x0000000020000040                _ebss = .
                0x0000000020000040                __bss_end__ = _ebss

._user_heap_stack
                0x0000000020000040      0x600 load address 0x0000000008001454
                0x0000000020000040                . = ALIGN (0x8)
                [!provide]                        PROVIDE (end = .)
                0x0000000020000040                PROVIDE (_end = .)
                0x0000000020000240                . = (. + _Min_Heap_Size)
 *fill*         0x0000000020000040      0x200 
                0x0000000020000640                . = (. + _Min_Stack_Size)
 *fill*         0x0000000020000240      0x400 
                0x0000000020000640                . = ALIGN (0x8)

/DISCARD/
 libc.a(*)
 libm.a(*)
 libgcc.a(*)

.ARM.attributes
                0x0000000000000000       0x30
 *(.ARM.attributes)
 .ARM.attributes
                0x0000000000000000       0x1e c:/st/stm32cubeide_1.4.0/stm32cubeide/plugins/com.st.stm32cube.ide.mcu.externaltools.gnu-tools-for-stm32.9-2020-q2-update.win32_2.0.0.202105311346/tools/bin/../lib/gcc/arm-none-eabi/9.3.1/thumb/v7e-m+fp/hard/crti.o
 .ARM.attributes
                0x000000000000001e       0x34 c:/st/stm32cubeide_1.4.0/stm32cubeide/plugins/com.st.stm32cube.ide.mcu.externaltools.gnu-tools-for-stm32.9-2020-q2-update.win32_2.0.0.202105311346/tools/bin/../lib/gcc/arm-none-eabi/9.3.1/thumb/v7e-m+fp/hard/crtbegin.o
 .ARM.attributes
                0x0000000000000052       0x34 ./Src/USART.o
 .ARM.attributes
                0x0000000000000086       0x34 ./Src/main_cmd.o
 .ARM.attributes
                0x00000000000000ba       0x34 ./Src/stm32f4xx_it.o
 .ARM.attributes
                0x00000000000000ee       0x34 ./Src/system_stm32f4xx.o
 .ARM.attributes
                0x0000000000000122       0x21 ./Startup/startup_stm32f401retx.o
 .ARM.attributes
                0x0000000000000143       0x34 c:/st/stm32cubeide_1.4.0/stm32cubeide/plugins/com.st.stm32cube.ide.mcu.externaltools.gnu-tools-for-stm32.9-2020-q2-update.win32_2.0.0.202105311346/tools/bin/../lib/gcc/arm-none-eabi/9.3.1/../../../../arm-none-eabi/lib/thumb/v7e-m+fp/hard\libc_nano.a(lib_a-init.o)
 .ARM.attributes
                0x0000000000000177       0x1e c:/st/stm32cubeide_1.4.0/stm32cubeide/plugins/com.st.stm32cube.ide.mcu.externaltools.gnu-tools-for-stm32.9-2020-q2-update.win32_2.0.0.202105311346/tools/bin/../lib/gcc/arm-none-eabi/9.3.1/thumb/v7e-m+fp/hard\libgcc.a(_aeabi_uldivmod.o)
 .ARM.attributes
                0x0000000000000195       0x34 c:/st/stm32cubeide_1.4.0/stm32cubeide/plugins/com.st.stm32cube.ide.mcu.externaltools.gnu-tools-for-stm32.9-2020-q2-update.win32_2.0.0.202105311346/tools/bin/../lib/gcc/arm-none-eabi/9.3.1/thumb/v7e-m+fp/hard\libgcc.a(_udivmoddi4.o)
 .ARM.attributes
                0x00000000000001c9       0x1e c:/st/stm32cubeide_1.4.0/stm32cubeide/plugins/com.st.stm32cube.ide.mcu.externaltools.gnu-tools-for-stm32.9-2020-q2-update.win32_2.0.0.202105311346/tools/bin/../lib/gcc/arm-none-eabi/9.3.1/thumb/v7e-m+fp/hard\libgcc.a(_dvmd_tls.o)
 .ARM.attributes
                0x00000000000001e7       0x1e c:/st/stm32cubeide_1.4.0/stm32cubeide/plugins/com.st.stm32cube.ide.mcu.externaltools.gnu-tools-for-stm32.9-2020-q2-update.win32_2.0.0.202105311346/tools/bin/../lib/gcc/arm-none-eabi/9.3.1/thumb/v7e-m+fp/hard/crtn.o
OUTPUT(SPI_F4.elf elf32-littlearm)
LOAD linker stubs
LOAD c:/st/stm32cubeide_1.4.0/stm32cubeide/plugins/com.st.stm32cube.ide.mcu.externaltools.gnu-tools-for-stm32.9-2020-q2-update.win32_2.0.0.202105311346/tools/bin/../lib/gcc/arm-none-eabi/9.3.1/../../../../arm-none-eabi/lib/thumb/v7e-m+fp/hard\libc.a
LOAD c:/st/stm32cubeide_1.4.0/stm32cubeide/plugins/com.st.stm32cube.ide.mcu.externaltools.gnu-tools-for-stm32.9-2020-q2-update.win32_2.0.0.202105311346/tools/bin/../lib/gcc/arm-none-eabi/9.3.1/../../../../arm-none-eabi/lib/thumb/v7e-m+fp/hard\libm.a
LOAD c:/st/stm32cubeide_1.4.0/stm32cubeide/plugins/com.st.stm32cube.ide.mcu.externaltools.gnu-tools-for-stm32.9-2020-q2-update.win32_2.0.0.202105311346/tools/bin/../lib/gcc/arm-none-eabi/9.3.1/thumb/v7e-m+fp/hard\libgcc.a

.debug_info     0x0000000000000000     0x3aa0
 .debug_info    0x0000000000000000     0x15db ./Src/USART.o
 .debug_info    0x00000000000015db     0x13a5 ./Src/main_cmd.o
 .debug_info    0x0000000000002980      0xb8c ./Src/stm32f4xx_it.o
 .debug_info    0x000000000000350c      0x572 ./Src/system_stm32f4xx.o
 .debug_info    0x0000000000003a7e       0x22 ./Startup/startup_stm32f401retx.o

.debug_abbrev   0x0000000000000000      0x8bc
 .debug_abbrev  0x0000000000000000      0x302 ./Src/USART.o
 .debug_abbrev  0x0000000000000302      0x2bb ./Src/main_cmd.o
 .debug_abbrev  0x00000000000005bd      0x1c4 ./Src/stm32f4xx_it.o
 .debug_abbrev  0x0000000000000781      0x129 ./Src/system_stm32f4xx.o
 .debug_abbrev  0x00000000000008aa       0x12 ./Startup/startup_stm32f401retx.o

.debug_aranges  0x0000000000000000      0x1c8
 .debug_aranges
                0x0000000000000000       0x88 ./Src/USART.o
 .debug_aranges
                0x0000000000000088       0x88 ./Src/main_cmd.o
 .debug_aranges
                0x0000000000000110       0x68 ./Src/stm32f4xx_it.o
 .debug_aranges
                0x0000000000000178       0x28 ./Src/system_stm32f4xx.o
 .debug_aranges
                0x00000000000001a0       0x28 ./Startup/startup_stm32f401retx.o

.debug_ranges   0x0000000000000000      0x180
 .debug_ranges  0x0000000000000000       0x78 ./Src/USART.o
 .debug_ranges  0x0000000000000078       0x78 ./Src/main_cmd.o
 .debug_ranges  0x00000000000000f0       0x58 ./Src/stm32f4xx_it.o
 .debug_ranges  0x0000000000000148       0x18 ./Src/system_stm32f4xx.o
 .debug_ranges  0x0000000000000160       0x20 ./Startup/startup_stm32f401retx.o

.debug_macro    0x0000000000000000     0xf1f8
 .debug_macro   0x0000000000000000      0x1b7 ./Src/USART.o
 .debug_macro   0x00000000000001b7      0xab4 ./Src/USART.o
 .debug_macro   0x0000000000000c6b       0x28 ./Src/USART.o
 .debug_macro   0x0000000000000c93       0x28 ./Src/USART.o
 .debug_macro   0x0000000000000cbb       0x22 ./Src/USART.o
 .debug_macro   0x0000000000000cdd       0x8e ./Src/USART.o
 .debug_macro   0x0000000000000d6b       0x51 ./Src/USART.o
 .debug_macro   0x0000000000000dbc      0x103 ./Src/USART.o
 .debug_macro   0x0000000000000ebf       0x6a ./Src/USART.o
 .debug_macro   0x0000000000000f29      0x1df ./Src/USART.o
 .debug_macro   0x0000000000001108       0x1c ./Src/USART.o
 .debug_macro   0x0000000000001124       0x22 ./Src/USART.o
 .debug_macro   0x0000000000001146       0xdf ./Src/USART.o
 .debug_macro   0x0000000000001225     0x102d ./Src/USART.o
 .debug_macro   0x0000000000002252      0x11f ./Src/USART.o
 .debug_macro   0x0000000000002371     0xb86c ./Src/USART.o
 .debug_macro   0x000000000000dbdd       0x6d ./Src/USART.o
 .debug_macro   0x000000000000dc4a      0x14e ./Src/USART.o
 .debug_macro   0x000000000000dd98       0x18 ./Src/USART.o
 .debug_macro   0x000000000000ddb0       0x52 ./Src/USART.o
 .debug_macro   0x000000000000de02       0x3c ./Src/USART.o
 .debug_macro   0x000000000000de3e       0x34 ./Src/USART.o
 .debug_macro   0x000000000000de72       0x16 ./Src/USART.o
 .debug_macro   0x000000000000de88      0x10e ./Src/USART.o
 .debug_macro   0x000000000000df96       0x8d ./Src/USART.o
 .debug_macro   0x000000000000e023       0x16 ./Src/USART.o
 .debug_macro   0x000000000000e039       0x43 ./Src/USART.o
 .debug_macro   0x000000000000e07c       0x34 ./Src/USART.o
 .debug_macro   0x000000000000e0b0       0x10 ./Src/USART.o
 .debug_macro   0x000000000000e0c0       0x58 ./Src/USART.o
 .debug_macro   0x000000000000e118       0x71 ./Src/USART.o
 .debug_macro   0x000000000000e189       0x1c ./Src/USART.o
 .debug_macro   0x000000000000e1a5      0x12a ./Src/USART.o
 .debug_macro   0x000000000000e2cf      0x333 ./Src/USART.o
 .debug_macro   0x000000000000e602       0x16 ./Src/USART.o
 .debug_macro   0x000000000000e618       0x29 ./Src/USART.o
 .debug_macro   0x000000000000e641       0x94 ./Src/USART.o
 .debug_macro   0x000000000000e6d5      0x2ea ./Src/main_cmd.o
 .debug_macro   0x000000000000e9bf       0x16 ./Src/main_cmd.o
 .debug_macro   0x000000000000e9d5       0x97 ./Src/main_cmd.o
 .debug_macro   0x000000000000ea6c       0xfd ./Src/main_cmd.o
 .debug_macro   0x000000000000eb69       0x10 ./Src/main_cmd.o
 .debug_macro   0x000000000000eb79       0x10 ./Src/main_cmd.o
 .debug_macro   0x000000000000eb89       0x1c ./Src/main_cmd.o
 .debug_macro   0x000000000000eba5       0x52 ./Src/main_cmd.o
 .debug_macro   0x000000000000ebf7       0x22 ./Src/main_cmd.o
 .debug_macro   0x000000000000ec19       0x10 ./Src/main_cmd.o
 .debug_macro   0x000000000000ec29       0x40 ./Src/main_cmd.o
 .debug_macro   0x000000000000ec69       0xd5 ./Src/main_cmd.o
 .debug_macro   0x000000000000ed3e       0x1c ./Src/main_cmd.o
 .debug_macro   0x000000000000ed5a       0x3d ./Src/main_cmd.o
 .debug_macro   0x000000000000ed97       0x16 ./Src/main_cmd.o
 .debug_macro   0x000000000000edad      0x145 ./Src/main_cmd.o
 .debug_macro   0x000000000000eef2       0x16 ./Src/main_cmd.o
 .debug_macro   0x000000000000ef08       0x35 ./Src/main_cmd.o
 .debug_macro   0x000000000000ef3d       0x20 ./Src/main_cmd.o
 .debug_macro   0x000000000000ef5d      0x1c1 ./Src/stm32f4xx_it.o
 .debug_macro   0x000000000000f11e       0xda ./Src/system_stm32f4xx.o

.debug_line     0x0000000000000000     0x245b
 .debug_line    0x0000000000000000      0xbae ./Src/USART.o
 .debug_line    0x0000000000000bae      0xba3 ./Src/main_cmd.o
 .debug_line    0x0000000000001751      0x725 ./Src/stm32f4xx_it.o
 .debug_line    0x0000000000001e76      0x561 ./Src/system_stm32f4xx.o
 .debug_line    0x00000000000023d7       0x84 ./Startup/startup_stm32f401retx.o

.debug_str      0x0000000000000000    0x54f96
 .debug_str     0x0000000000000000    0x53c16 ./Src/USART.o
                                      0x53ef1 (size before relaxing)
 .debug_str     0x0000000000053c16     0x11f2 ./Src/main_cmd.o
                                      0x54ee0 (size before relaxing)
 .debug_str     0x0000000000054e08       0xca ./Src/stm32f4xx_it.o
                                      0x53893 (size before relaxing)
 .debug_str     0x0000000000054ed2       0x93 ./Src/system_stm32f4xx.o
                                      0x4f6d1 (size before relaxing)
 .debug_str     0x0000000000054f65       0x31 ./Startup/startup_stm32f401retx.o
                                         0x62 (size before relaxing)

.comment        0x0000000000000000       0x53
 .comment       0x0000000000000000       0x53 ./Src/USART.o
                                         0x54 (size before relaxing)
 .comment       0x0000000000000053       0x54 ./Src/main_cmd.o
 .comment       0x0000000000000053       0x54 ./Src/stm32f4xx_it.o
 .comment       0x0000000000000053       0x54 ./Src/system_stm32f4xx.o

.debug_frame    0x0000000000000000      0x648
 .debug_frame   0x0000000000000000      0x234 ./Src/USART.o
 .debug_frame   0x0000000000000234      0x20c ./Src/main_cmd.o
 .debug_frame   0x0000000000000440      0x124 ./Src/stm32f4xx_it.o
 .debug_frame   0x0000000000000564       0x58 ./Src/system_stm32f4xx.o
 .debug_frame   0x00000000000005bc       0x2c c:/st/stm32cubeide_1.4.0/stm32cubeide/plugins/com.st.stm32cube.ide.mcu.externaltools.gnu-tools-for-stm32.9-2020-q2-update.win32_2.0.0.202105311346/tools/bin/../lib/gcc/arm-none-eabi/9.3.1/../../../../arm-none-eabi/lib/thumb/v7e-m+fp/hard\libc_nano.a(lib_a-init.o)
 .debug_frame   0x00000000000005e8       0x2c c:/st/stm32cubeide_1.4.0/stm32cubeide/plugins/com.st.stm32cube.ide.mcu.externaltools.gnu-tools-for-stm32.9-2020-q2-update.win32_2.0.0.202105311346/tools/bin/../lib/gcc/arm-none-eabi/9.3.1/thumb/v7e-m+fp/hard\libgcc.a(_aeabi_uldivmod.o)
 .debug_frame   0x0000000000000614       0x34 c:/st/stm32cubeide_1.4.0/stm32cubeide/plugins/com.st.stm32cube.ide.mcu.externaltools.gnu-tools-for-stm32.9-2020-q2-update.win32_2.0.0.202105311346/tools/bin/../lib/gcc/arm-none-eabi/9.3.1/thumb/v7e-m+fp/hard\libgcc.a(_udivmoddi4.o)
