main_cmd.c:90:5:main	8	static
main_cmd.c:158:6:PLL_Config	8	static
main_cmd.c:193:6:HSE_Config	8	static
main_cmd.c:200:6:flash_cofig	4	static
main_cmd.c:212:6:SPI1_GPIOInit	4	static
main_cmd.c:226:6:SPI_Init	16	static
main_cmd.c:261:6:SPI_SendData	24	static
main_cmd.c:286:6:SPI_SendReceiveData	24	static
main_cmd.c:321:6:SPI_ReceiveData	24	static
main_cmd.c:350:6:SPI_MasterReceiveData	24	static
main_cmd.c:387:6:delay_ms	24	static
main_cmd.c:400:6:USART_ApplicationEventCallback	16	static
main_cmd.c:411:9:SPI_VerifyResponse	16	static
main_cmd.c:425:5:__io_putchar	24	static
